Archive member included to satisfy reference by file (symbol)

d:/rt-threadstudio/repo/extract/toolchain_support_packages/arm/gnu_tools_for_arm_embedded_processors/10.2.1/bin/../lib/gcc/arm-none-eabi/10.2.1/../../../../arm-none-eabi/lib/thumb/v8-m.main+fp/hard\libc.a(lib_a-atoi.o)
                              ./rt-thread/components/drivers/misc/adc.o (atoi)
d:/rt-threadstudio/repo/extract/toolchain_support_packages/arm/gnu_tools_for_arm_embedded_processors/10.2.1/bin/../lib/gcc/arm-none-eabi/10.2.1/../../../../arm-none-eabi/lib/thumb/v8-m.main+fp/hard\libc.a(lib_a-exit.o)
                              d:/rt-threadstudio/repo/extract/toolchain_support_packages/arm/gnu_tools_for_arm_embedded_processors/10.2.1/bin/../lib/gcc/arm-none-eabi/10.2.1/../../../../arm-none-eabi/lib/thumb/v8-m.main+fp/hard/crt0.o (exit)
d:/rt-threadstudio/repo/extract/toolchain_support_packages/arm/gnu_tools_for_arm_embedded_processors/10.2.1/bin/../lib/gcc/arm-none-eabi/10.2.1/../../../../arm-none-eabi/lib/thumb/v8-m.main+fp/hard\libc.a(lib_a-impure.o)
                              d:/rt-threadstudio/repo/extract/toolchain_support_packages/arm/gnu_tools_for_arm_embedded_processors/10.2.1/bin/../lib/gcc/arm-none-eabi/10.2.1/../../../../arm-none-eabi/lib/thumb/v8-m.main+fp/hard\libc.a(lib_a-exit.o) (_global_impure_ptr)
d:/rt-threadstudio/repo/extract/toolchain_support_packages/arm/gnu_tools_for_arm_embedded_processors/10.2.1/bin/../lib/gcc/arm-none-eabi/10.2.1/../../../../arm-none-eabi/lib/thumb/v8-m.main+fp/hard\libc.a(lib_a-memcmp.o)
                              ./rt-thread/components/finsh/shell.o (memcmp)
d:/rt-threadstudio/repo/extract/toolchain_support_packages/arm/gnu_tools_for_arm_embedded_processors/10.2.1/bin/../lib/gcc/arm-none-eabi/10.2.1/../../../../arm-none-eabi/lib/thumb/v8-m.main+fp/hard\libc.a(lib_a-memcpy.o)
                              ./ra/fsp/src/r_sci_uart/r_sci_uart.o (memcpy)
d:/rt-threadstudio/repo/extract/toolchain_support_packages/arm/gnu_tools_for_arm_embedded_processors/10.2.1/bin/../lib/gcc/arm-none-eabi/10.2.1/../../../../arm-none-eabi/lib/thumb/v8-m.main+fp/hard\libc.a(lib_a-memset.o)
                              d:/rt-threadstudio/repo/extract/toolchain_support_packages/arm/gnu_tools_for_arm_embedded_processors/10.2.1/bin/../lib/gcc/arm-none-eabi/10.2.1/../../../../arm-none-eabi/lib/thumb/v8-m.main+fp/hard/crt0.o (memset)
d:/rt-threadstudio/repo/extract/toolchain_support_packages/arm/gnu_tools_for_arm_embedded_processors/10.2.1/bin/../lib/gcc/arm-none-eabi/10.2.1/../../../../arm-none-eabi/lib/thumb/v8-m.main+fp/hard\libc.a(lib_a-strcmp.o)
                              ./rt-thread/components/drivers/misc/adc.o (strcmp)
d:/rt-threadstudio/repo/extract/toolchain_support_packages/arm/gnu_tools_for_arm_embedded_processors/10.2.1/bin/../lib/gcc/arm-none-eabi/10.2.1/../../../../arm-none-eabi/lib/thumb/v8-m.main+fp/hard\libc.a(lib_a-strcpy.o)
                              ./rt-thread/components/finsh/shell.o (strcpy)
d:/rt-threadstudio/repo/extract/toolchain_support_packages/arm/gnu_tools_for_arm_embedded_processors/10.2.1/bin/../lib/gcc/arm-none-eabi/10.2.1/../../../../arm-none-eabi/lib/thumb/v8-m.main+fp/hard\libc.a(lib_a-strlen-stub.o)
                              ./rt-thread/components/finsh/msh.o (strlen)
d:/rt-threadstudio/repo/extract/toolchain_support_packages/arm/gnu_tools_for_arm_embedded_processors/10.2.1/bin/../lib/gcc/arm-none-eabi/10.2.1/../../../../arm-none-eabi/lib/thumb/v8-m.main+fp/hard\libc.a(lib_a-strncmp.o)
                              ./rt-thread/components/finsh/msh.o (strncmp)
d:/rt-threadstudio/repo/extract/toolchain_support_packages/arm/gnu_tools_for_arm_embedded_processors/10.2.1/bin/../lib/gcc/arm-none-eabi/10.2.1/../../../../arm-none-eabi/lib/thumb/v8-m.main+fp/hard\libc.a(lib_a-strncpy.o)
                              ./rt-thread/components/finsh/shell.o (strncpy)
d:/rt-threadstudio/repo/extract/toolchain_support_packages/arm/gnu_tools_for_arm_embedded_processors/10.2.1/bin/../lib/gcc/arm-none-eabi/10.2.1/../../../../arm-none-eabi/lib/thumb/v8-m.main+fp/hard\libc.a(lib_a-strtol.o)
                              d:/rt-threadstudio/repo/extract/toolchain_support_packages/arm/gnu_tools_for_arm_embedded_processors/10.2.1/bin/../lib/gcc/arm-none-eabi/10.2.1/../../../../arm-none-eabi/lib/thumb/v8-m.main+fp/hard\libc.a(lib_a-atoi.o) (_strtol_r)
d:/rt-threadstudio/repo/extract/toolchain_support_packages/arm/gnu_tools_for_arm_embedded_processors/10.2.1/bin/../lib/gcc/arm-none-eabi/10.2.1/../../../../arm-none-eabi/lib/thumb/v8-m.main+fp/hard\libc.a(lib_a-__call_atexit.o)
                              d:/rt-threadstudio/repo/extract/toolchain_support_packages/arm/gnu_tools_for_arm_embedded_processors/10.2.1/bin/../lib/gcc/arm-none-eabi/10.2.1/../../../../arm-none-eabi/lib/thumb/v8-m.main+fp/hard\libc.a(lib_a-exit.o) (__call_exitprocs)
[...]
Memory Configuration

Name             Origin             Length             Attributes
FLASH            0x00000000         0x00100000         xr
RAM              0x20000000         0x00040000         xrw
DATA_FLASH       0x08000000         0x00002000         xr
QSPI_FLASH       0x60000000         0x04000000         xr
OSPI_DEVICE_0    0x68000000         0x08000000         xr
OSPI_DEVICE_1    0x70000000         0x10000000         xr
OSPI_DEVICE_0_RAM 0x68000000         0x08000000         xrw
OSPI_DEVICE_1_RAM 0x70000000         0x10000000         xrw
SDRAM            0x90000000         0x00000000         xrw
OPTION_SETTING   0x0100a100         0x00000100         r
OPTION_SETTING_S 0x0100a200         0x00000100         r
ID_CODE          0x00000000         0x00000000         xr
*default*        0x00000000         0xffffffff

Linker script and memory map

LOAD d:/rt-threadstudio/repo/extract/toolchain_support_packages/arm/gnu_tools_for_arm_embedded_processors/10.2.1/bin/../lib/gcc/arm-none-eabi/10.2.1/thumb/v8-m.main+fp/hard/crti.o
LOAD d:/rt-threadstudio/repo/extract/toolchain_support_packages/arm/gnu_tools_for_arm_embedded_processors/10.2.1/bin/../lib/gcc/arm-none-eabi/10.2.1/thumb/v8-m.main+fp/hard/crtbegin.o
LOAD d:/rt-threadstudio/repo/extract/toolchain_support_packages/arm/gnu_tools_for_arm_embedded_processors/10.2.1/bin/../lib/gcc/arm-none-eabi/10.2.1/../../../../arm-none-eabi/lib/thumb/v8-m.main+fp/hard/crt0.o
LOAD ./src/hal_entry.o
LOAD ./src/test_adc.o
LOAD ./rt-thread/src/clock.o
LOAD ./rt-thread/src/components.o
LOAD ./rt-thread/src/device.o
LOAD ./rt-thread/src/idle.o
LOAD ./rt-thread/src/ipc.o
LOAD ./rt-thread/src/irq.o
LOAD ./rt-thread/src/kservice.o
LOAD ./rt-thread/src/mem.o
LOAD ./rt-thread/src/object.o
LOAD ./rt-thread/src/scheduler.o
LOAD ./rt-thread/src/thread.o
LOAD ./rt-thread/src/timer.o
LOAD ./rt-thread/libcpu/arm/cortex-m4/context_gcc.o
LOAD ./rt-thread/libcpu/arm/cortex-m4/cpuport.o
LOAD ./rt-thread/libcpu/arm/common/backtrace.o
LOAD ./rt-thread/libcpu/arm/common/div0.o
LOAD ./rt-thread/libcpu/arm/common/showmem.o
LOAD ./rt-thread/components/libc/compilers/newlib/syscalls.o
LOAD ./rt-thread/components/libc/compilers/common/stdlib.o
LOAD ./rt-thread/components/libc/compilers/common/time.o
LOAD ./rt-thread/components/finsh/cmd.o
LOAD ./rt-thread/components/finsh/msh.o
LOAD ./rt-thread/components/finsh/shell.o
LOAD ./rt-thread/components/drivers/serial/serial_v2.o
LOAD ./rt-thread/components/drivers/misc/adc.o
LOAD ./rt-thread/components/drivers/misc/pin.o
LOAD ./rt-thread/components/drivers/ipc/completion.o
LOAD ./rt-thread/components/drivers/ipc/dataqueue.o
LOAD ./rt-thread/components/drivers/ipc/pipe.o
LOAD ./rt-thread/components/drivers/ipc/ringblk_buf.o
LOAD ./rt-thread/components/drivers/ipc/ringbuffer.o
LOAD ./rt-thread/components/drivers/ipc/waitqueue.o
LOAD ./rt-thread/components/drivers/ipc/workqueue.o
LOAD ./ra_gen/common_data.o
LOAD ./ra_gen/hal_data.o
LOAD ./ra_gen/main.o
LOAD ./ra_gen/pin_data.o
LOAD ./ra_gen/vector_data.o
LOAD ./ra/fsp/src/r_sci_uart/r_sci_uart.o
LOAD ./ra/fsp/src/r_ioport/r_ioport.o
LOAD ./ra/fsp/src/r_icu/r_icu.o
LOAD ./ra/fsp/src/r_adc/r_adc.o
LOAD ./ra/fsp/src/bsp/mcu/all/bsp_clocks.o
LOAD ./ra/fsp/src/bsp/mcu/all/bsp_common.o
LOAD ./ra/fsp/src/bsp/mcu/all/bsp_delay.o
LOAD ./ra/fsp/src/bsp/mcu/all/bsp_group_irq.o
LOAD ./ra/fsp/src/bsp/mcu/all/bsp_guard.o
LOAD ./ra/fsp/src/bsp/mcu/all/bsp_io.o
LOAD ./ra/fsp/src/bsp/mcu/all/bsp_irq.o
LOAD ./ra/fsp/src/bsp/mcu/all/bsp_register_protection.o
LOAD ./ra/fsp/src/bsp/mcu/all/bsp_rom_registers.o
LOAD ./ra/fsp/src/bsp/mcu/all/bsp_sbrk.o
LOAD ./ra/fsp/src/bsp/mcu/all/bsp_security.o
LOAD ./ra/fsp/src/bsp/cmsis/Device/RENESAS/Source/startup.o
LOAD ./ra/fsp/src/bsp/cmsis/Device/RENESAS/Source/system.o
LOAD ./libraries/HAL_Drivers/drv_adc.o
LOAD ./libraries/HAL_Drivers/drv_common.o
LOAD ./libraries/HAL_Drivers/drv_gpio.o
LOAD ./libraries/HAL_Drivers/drv_usart_v2.o
LOAD ./board/ports/drv_rw007.o
LOAD d:/rt-threadstudio/repo/extract/toolchain_support_packages/arm/gnu_tools_for_arm_embedded_processors/10.2.1/bin/../lib/gcc/arm-none-eabi/10.2.1/../../../../arm-none-eabi/lib/thumb/v8-m.main+fp/hard\libm.a
LOAD d:/rt-threadstudio/repo/extract/toolchain_support_packages/arm/gnu_tools_for_arm_embedded_processors/10.2.1/bin/../lib/gcc/arm-none-eabi/10.2.1/../../../../arm-none-eabi/lib/thumb/v8-m.main+fp/hard\libc.a
START GROUP
LOAD d:/rt-threadstudio/repo/extract/toolchain_support_packages/arm/gnu_tools_for_arm_embedded_processors/10.2.1/bin/../lib/gcc/arm-none-eabi/10.2.1/thumb/v8-m.main+fp/hard\libgcc.a
LOAD d:/rt-threadstudio/repo/extract/toolchain_support_packages/arm/gnu_tools_for_arm_embedded_processors/10.2.1/bin/../lib/gcc/arm-none-eabi/10.2.1/../../../../arm-none-eabi/lib/thumb/v8-m.main+fp/hard\libc.a
END GROUP
LOAD d:/rt-threadstudio/repo/extract/toolchain_support_packages/arm/gnu_tools_for_arm_embedded_processors/10.2.1/bin/../lib/gcc/arm-none-eabi/10.2.1/thumb/v8-m.main+fp/hard/crtend.o
LOAD d:/rt-threadstudio/repo/extract/toolchain_support_packages/arm/gnu_tools_for_arm_embedded_processors/10.2.1/bin/../lib/gcc/arm-none-eabi/10.2.1/thumb/v8-m.main+fp/hard/crtn.o
                0x20000000                RAM_START = 0x20000000
                0x00040000                RAM_LENGTH = 0x40000
                0x00000000                FLASH_START = 0x0
                0x00100000                FLASH_LENGTH = 0x100000
                0x08000000                DATA_FLASH_START = 0x8000000
                0x00002000                DATA_FLASH_LENGTH = 0x2000
                0x0100a100                OPTION_SETTING_START = 0x100a100
                0x00000100                OPTION_SETTING_LENGTH = 0x100
                0x0100a200                OPTION_SETTING_S_START = 0x100a200
                0x00000100                OPTION_SETTING_S_LENGTH = 0x100
                0x00000000                ID_CODE_START = 0x0
                0x00000000                ID_CODE_LENGTH = 0x0
                0x90000000                SDRAM_START = 0x90000000
                0x00000000                SDRAM_LENGTH = 0x0
                0x60000000                QSPI_FLASH_START = 0x60000000
                0x04000000                QSPI_FLASH_LENGTH = 0x4000000
                0x68000000                OSPI_DEVICE_0_START = 0x68000000
                0x08000000                OSPI_DEVICE_0_LENGTH = 0x8000000
                0x70000000                OSPI_DEVICE_1_START = 0x70000000
                0x10000000                OSPI_DEVICE_1_LENGTH = 0x10000000
                0x04000000                QSPI_FLASH_PRV_LENGTH = DEFINED (QSPI_FLASH_SIZE)?ABSOLUTE (QSPI_FLASH_SIZE):ABSOLUTE (QSPI_FLASH_LENGTH)
                0x08000000                OSPI_DEVICE_0_PRV_LENGTH = DEFINED (OSPI_DEVICE_0_SIZE)?ABSOLUTE (OSPI_DEVICE_0_SIZE):ABSOLUTE (OSPI_DEVICE_0_LENGTH)
                0x10000000                OSPI_DEVICE_1_PRV_LENGTH = DEFINED (OSPI_DEVICE_1_SIZE)?ABSOLUTE (OSPI_DEVICE_1_SIZE):ABSOLUTE (OSPI_DEVICE_1_LENGTH)
                0x00000000                __RESERVE_NS_RAM = ((! (DEFINED (PROJECT_NONSECURE)) && DEFINED (RAM_NS_BUFFER_LENGTH)) && (OPTION_SETTING_S_LENGTH != 0x0))
                0x00000000                RAM_NS_BUFFER_BLOCK_LENGTH = DEFINED (RAM_NS_BUFFER_LENGTH)?ALIGN (RAM_NS_BUFFER_LENGTH, 0x2000):0x0
                0x00000000                RAM_NS_BUFFER_LENGTH = DEFINED (RAM_NS_BUFFER_LENGTH)?RAM_NS_BUFFER_LENGTH:0x0
                0x20040000                RAM_NS_BUFFER_START = ((RAM_START + RAM_LENGTH) - RAM_NS_BUFFER_LENGTH)
                0x20040000                RAM_NS_BUFFER_BLOCK_START = ((RAM_START + RAM_LENGTH) - RAM_NS_BUFFER_BLOCK_LENGTH)
                0x0100a180                OPTION_SETTING_START_NS = 0x100a180
                0x00000001                __bl_FSP_BOOTABLE_IMAGE = 0x1
                0x00000001                __bln_FSP_BOOTABLE_IMAGE = 0x1
                0x00000001                PROJECT_SECURE_OR_FLAT = ((! (DEFINED (PROJECT_NONSECURE)) && OPTION_SETTING_LENGTH) && ! (DEFINED (FSP_BOOTABLE_IMAGE)))
                0x00000000                USE_OPTION_SETTING_NS = (DEFINED (PROJECT_NONSECURE) && ! (DEFINED (FSP_BOOTABLE_IMAGE)))
                0x00000000                __bl_FLASH_IMAGE_START = ! (DEFINED (FLASH_BOOTLOADER_LENGTH))?0x0:(FLASH_APPLICATION_IMAGE_NUMBER == 0x1)?(FLASH_BOOTLOADER_LENGTH + FLASH_BOOTLOADER_HEADER_LENGTH):(((FLASH_BOOTLOADER_LENGTH + FLASH_BOOTLOADER_SCRATCH_LENGTH) + FLASH_APPLICATION_S_LENGTH) + FLASH_BOOTLOADER_HEADER_LENGTH)
                0x00000000                __bl_FLASH_IMAGE_LENGTH = ! (DEFINED (FLASH_BOOTLOADER_LENGTH))?0x0:(FLASH_APPLICATION_S_LENGTH - FLASH_BOOTLOADER_HEADER_LENGTH)
                0x00000000                __bl_FLASH_IMAGE_END = (__bl_FLASH_IMAGE_START + __bl_FLASH_IMAGE_LENGTH)
                0x00000000                __bl_FLASH_NS_START = ! (DEFINED (FLASH_BOOTLOADER_LENGTH))?0x0:(FLASH_APPLICATION_NS_LENGTH == 0x0)?__bl_FLASH_IMAGE_END:((__bl_FLASH_IMAGE_START - FLASH_BOOTLOADER_HEADER_LENGTH) + FLASH_APPLICATION_S_LENGTH)
                0x00000000                __bl_FLASH_NSC_START = ! (DEFINED (FLASH_BOOTLOADER_LENGTH))?0x0:(FLASH_APPLICATION_NS_LENGTH == 0x0)?__bl_FLASH_IMAGE_END:(__bl_FLASH_NS_START - FLASH_APPLICATION_NSC_LENGTH)
                0x00000000                __bl_RAM_NS_START = ! (DEFINED (FLASH_BOOTLOADER_LENGTH))?0x0:(FLASH_APPLICATION_NS_LENGTH == 0x0)?(RAM_START + RAM_LENGTH):((RAM_START + RAM_LENGTH) - RAM_APPLICATION_NS_LENGTH)
                0x00000000                __bl_RAM_NSC_START = ! (DEFINED (FLASH_BOOTLOADER_LENGTH))?0x0:(FLASH_APPLICATION_NS_LENGTH == 0x0)?(RAM_START + RAM_LENGTH):(__bl_RAM_NS_START - RAM_APPLICATION_NSC_LENGTH)
                0x00000000                __bl_FLASH_NS_IMAGE_START = ! (DEFINED (FLASH_BOOTLOADER_LENGTH))?0x0:(FLASH_APPLICATION_NS_LENGTH == 0x0)?__bl_FLASH_IMAGE_END:(__bl_FLASH_NS_START + FLASH_BOOTLOADER_HEADER_LENGTH_2)
                0x00000000                __bln_FLASH_IMAGE_START = __bl_FLASH_NS_IMAGE_START
                0x00000000                __bln_FLASH_IMAGE_LENGTH = ! (DEFINED (FLASH_BOOTLOADER_LENGTH))?0x0:(FLASH_APPLICATION_NS_LENGTH == 0x0)?__bl_FLASH_IMAGE_END:(FLASH_APPLICATION_NS_LENGTH - FLASH_BOOTLOADER_HEADER_LENGTH_2)
                0x00000000                FLASH_ORIGIN = DEFINED (FLASH_IMAGE_START)?FLASH_IMAGE_START:FLASH_START
                0x00100000                LIMITED_FLASH_LENGTH = DEFINED (FLASH_IMAGE_LENGTH)?FLASH_IMAGE_LENGTH:DEFINED (FLASH_BOOTLOADER_LENGTH)?FLASH_BOOTLOADER_LENGTH:FLASH_LENGTH
START GROUP
LOAD d:/rt-threadstudio/repo/extract/toolchain_support_packages/arm/gnu_tools_for_arm_embedded_processors/10.2.1/bin/../lib/gcc/arm-none-eabi/10.2.1/thumb/v8-m.main+fp/hard\libgcc.a
LOAD d:/rt-threadstudio/repo/extract/toolchain_support_packages/arm/gnu_tools_for_arm_embedded_processors/10.2.1/bin/../lib/gcc/arm-none-eabi/10.2.1/../../../../arm-none-eabi/lib/thumb/v8-m.main+fp/hard\libc.a
LOAD d:/rt-threadstudio/repo/extract/toolchain_support_packages/arm/gnu_tools_for_arm_embedded_processors/10.2.1/bin/../lib/gcc/arm-none-eabi/10.2.1/../../../../arm-none-eabi/lib/thumb/v8-m.main+fp/hard\libm.a
LOAD d:/rt-threadstudio/repo/extract/toolchain_support_packages/arm/gnu_tools_for_arm_embedded_processors/10.2.1/bin/../lib/gcc/arm-none-eabi/10.2.1/../../../../arm-none-eabi/lib/thumb/v8-m.main+fp/hard\libnosys.a
END GROUP

.text           0x00000000     0xec18
                0x00000000                __tz_FLASH_S = ABSOLUTE (FLASH_START)
                0x00000000                __ROM_Start = .
 *(.fixed_vectors*)
 .fixed_vectors
                0x00000000       0x40 ./ra/fsp/src/bsp/cmsis/Device/RENESAS/Source/startup.o
                0x00000000                __Vectors
 *(.application_vectors*)
 .application_vectors
                0x00000040      0x180 ./ra_gen/vector_data.o
                0x00000040                g_vector_table
                0x000001c0                __Vectors_End = .
                0x000001c0                . = (OPTION_SETTING_LENGTH > 0x0)?.:(__ROM_Start + 0x400)
 *(.rom_registers*)
                0x000001c0                . = (OPTION_SETTING_LENGTH > 0x0)?.:(__ROM_Start + 0x500)
                0x00000200                . = ALIGN (0x80)
 *fill*         0x000001c0       0x40 ff
 *(.mcuboot_sce9_key*)
 *(.text*)
 .text          0x00000200       0x40 d:/rt-threadstudio/repo/extract/toolchain_support_packages/arm/gnu_tools_for_arm_embedded_processors/10.2.1/bin/../lib/gcc/arm-none-eabi/10.2.1/thumb/v8-m.main+fp/hard/crtbegin.o
 .text.hal_entry
                0x00000240       0x34 ./src/hal_entry.o
                0x00000240                hal_entry
 .text.irq_callback_test
                0x00000274       0x1c ./src/hal_entry.o
                0x00000274                irq_callback_test
 .text.icu_sample
                0x00000290       0x68 ./src/hal_entry.o
                0x00000290                icu_sample
 .text.adc_sample
                0x000002f8       0xb8 ./src/test_adc.o
 .text.rt_tick_get
                0x000003b0       0x18 ./rt-thread/src/clock.o
                0x000003b0                rt_tick_get
 .text.rt_tick_increase
                0x000003c8       0x7c ./rt-thread/src/clock.o
                0x000003c8                rt_tick_increase
 .text.rt_tick_from_millisecond
                0x00000444       0x78 ./rt-thread/src/clock.o
                0x00000444                rt_tick_from_millisecond
 .text.rti_start
                0x000004bc       0x10 ./rt-thread/src/components.o
 .text.rti_board_start
                0x000004cc       0x10 ./rt-thread/src/components.o
 .text.rti_board_end
                0x000004dc       0x10 ./rt-thread/src/components.o
 .text.rti_end  0x000004ec       0x10 ./rt-thread/src/components.o
 .text.rt_components_board_init
                0x000004fc       0x34 ./rt-thread/src/components.o
                0x000004fc                rt_components_board_init
 .text.rt_components_init
                0x00000530       0x34 ./rt-thread/src/components.o
                0x00000530                rt_components_init
 .text.entry    0x00000564        0xe ./rt-thread/src/components.o
                0x00000564                entry
 .text.main_thread_entry
                0x00000572       0x18 ./rt-thread/src/components.o
                0x00000572                main_thread_entry
 *fill*         0x0000058a        0x2 ff
 .text.rt_application_init
                0x0000058c       0x4c ./rt-thread/src/components.o
                0x0000058c                rt_application_init
 .text.rtthread_startup
                0x000005d8       0x2e ./rt-thread/src/components.o
                0x000005d8                rtthread_startup
 .text.rt_device_register
                0x00000606       0x54 ./rt-thread/src/device.o
                0x00000606                rt_device_register
 .text.rt_device_find
                0x0000065a       0x1a ./rt-thread/src/device.o
                0x0000065a                rt_device_find
 .text.rt_device_open
                0x00000674      0x108 ./rt-thread/src/device.o
                0x00000674                rt_device_open
 .text.rt_device_close
                0x0000077c       0x9c ./rt-thread/src/device.o
                0x0000077c                rt_device_close
 .text.rt_device_read
                0x00000818       0x88 ./rt-thread/src/device.o
                0x00000818                rt_device_read
 .text.rt_device_write
                0x000008a0       0x88 ./rt-thread/src/device.o
                0x000008a0                rt_device_write
 .text.rt_device_set_rx_indicate
                0x00000928       0x54 ./rt-thread/src/device.o
                0x00000928                rt_device_set_rx_indicate
 .text.rt_list_insert_after
                0x0000097c       0x32 ./rt-thread/src/idle.o
 .text.rt_list_remove
                0x000009ae       0x36 ./rt-thread/src/idle.o
 .text.rt_thread_defunct_enqueue
                0x000009e4       0x20 ./rt-thread/src/idle.o
                0x000009e4                rt_thread_defunct_enqueue
 .text.rt_thread_defunct_dequeue
                0x00000a04       0x44 ./rt-thread/src/idle.o
                0x00000a04                rt_thread_defunct_dequeue
 .text.rt_defunct_execute
                0x00000a48       0x54 ./rt-thread/src/idle.o
 .text.rt_thread_idle_entry
                0x00000a9c       0x38 ./rt-thread/src/idle.o
 .text.rt_thread_idle_init
                0x00000ad4       0x78 ./rt-thread/src/idle.o
                0x00000ad4                rt_thread_idle_init
 .text.rt_list_init
                0x00000b4c       0x22 ./rt-thread/src/ipc.o
 .text.rt_list_insert_before
                0x00000b6e       0x32 ./rt-thread/src/ipc.o
 .text.rt_list_isempty
                0x00000ba0       0x24 ./rt-thread/src/ipc.o
 .text._ipc_object_init
                0x00000bc4       0x1c ./rt-thread/src/ipc.o
 .text._ipc_list_suspend
                0x00000be0       0xa4 ./rt-thread/src/ipc.o
 .text._ipc_list_resume
                0x00000c84       0x20 ./rt-thread/src/ipc.o
 .text.rt_sem_init
                0x00000ca4       0x88 ./rt-thread/src/ipc.o
                0x00000ca4                rt_sem_init
 .text.rt_sem_take
                0x00000d2c      0x190 ./rt-thread/src/ipc.o
                0x00000d2c                rt_sem_take
 .text.rt_sem_release
                0x00000ebc       0xbc ./rt-thread/src/ipc.o
                0x00000ebc                rt_sem_release
 .text.rt_mutex_init
                0x00000f78       0x64 ./rt-thread/src/ipc.o
                0x00000f78                rt_mutex_init
 .text.rt_mutex_take
                0x00000fdc      0x21c ./rt-thread/src/ipc.o
                0x00000fdc                rt_mutex_take
 .text.rt_mutex_release
                0x000011f8      0x1bc ./rt-thread/src/ipc.o
                0x000011f8                rt_mutex_release
 .text.rt_interrupt_enter
                0x000013b4       0x40 ./rt-thread/src/irq.o
                0x000013b4                rt_interrupt_enter
 .text.rt_interrupt_leave
                0x000013f4       0x40 ./rt-thread/src/irq.o
                0x000013f4                rt_interrupt_leave
 .text.rt_interrupt_get_nest
                0x00001434       0x28 ./rt-thread/src/irq.o
                0x00001434                rt_interrupt_get_nest
 .text.rt_set_errno
                0x0000145c       0x40 ./rt-thread/src/kservice.o
                0x0000145c                rt_set_errno
 .text._rt_errno
                0x0000149c       0x34 ./rt-thread/src/kservice.o
                0x0000149c                _rt_errno
 .text.rt_memset
                0x000014d0       0xb6 ./rt-thread/src/kservice.o
                0x000014d0                rt_memset
 .text.rt_memcpy
                0x00001586       0xd2 ./rt-thread/src/kservice.o
                0x00001586                rt_memcpy
 .text.rt_memmove
                0x00001658       0x82 ./rt-thread/src/kservice.o
                0x00001658                rt_memmove
 .text.rt_strncpy
                0x000016da       0x64 ./rt-thread/src/kservice.o
                0x000016da                rt_strncpy
 .text.rt_strncmp
                0x0000173e       0x4a ./rt-thread/src/kservice.o
                0x0000173e                rt_strncmp
 .text.rt_strlen
                0x00001788       0x2e ./rt-thread/src/kservice.o
                0x00001788                rt_strlen
 *fill*         0x000017b6        0x2 ff
 .text.rt_show_version
                0x000017b8       0x4c ./rt-thread/src/kservice.o
                0x000017b8                rt_show_version
 .text.divide   0x00001804       0x68 ./rt-thread/src/kservice.o
 .text.skip_atoi
                0x0000186c       0x40 ./rt-thread/src/kservice.o
 .text.print_number
                0x000018ac      0x1dc ./rt-thread/src/kservice.o
 .text.rt_vsnprintf
                0x00001a88      0x4ac ./rt-thread/src/kservice.o
                0x00001a88                rt_vsnprintf
 .text.rt_vsprintf
                0x00001f34       0x24 ./rt-thread/src/kservice.o
                0x00001f34                rt_vsprintf
 .text.rt_sprintf
                0x00001f58       0x2c ./rt-thread/src/kservice.o
                0x00001f58                rt_sprintf
 .text.rt_console_get_device
                0x00001f84       0x18 ./rt-thread/src/kservice.o
                0x00001f84                rt_console_get_device
 .text.rt_console_set_device
                0x00001f9c       0x58 ./rt-thread/src/kservice.o
                0x00001f9c                rt_console_set_device
 .text.rt_hw_console_output
                0x00001ff4       0x14 ./rt-thread/src/kservice.o
                0x00001ff4                rt_hw_console_output
 .text.rt_kprintf
                0x00002008       0x60 ./rt-thread/src/kservice.o
                0x00002008                rt_kprintf
 .text._heap_lock_init
                0x00002068       0x1c ./rt-thread/src/kservice.o
 .text._heap_lock
                0x00002084       0x28 ./rt-thread/src/kservice.o
 .text._heap_unlock
                0x000020ac       0x40 ./rt-thread/src/kservice.o
 .text._smem_info
                0x000020ec       0x4c ./rt-thread/src/kservice.o
 .text.rt_system_heap_init
                0x00002138       0x64 ./rt-thread/src/kservice.o
                0x00002138                rt_system_heap_init
 .text.rt_malloc
                0x0000219c       0x48 ./rt-thread/src/kservice.o
                0x0000219c                rt_malloc
 .text.rt_calloc
                0x000021e4       0x3c ./rt-thread/src/kservice.o
                0x000021e4                rt_calloc
 .text.rt_free  0x00002220       0x38 ./rt-thread/src/kservice.o
                0x00002220                rt_free
 .text.rt_memory_info
                0x00002258       0x2a ./rt-thread/src/kservice.o
                0x00002258                rt_memory_info
 *fill*         0x00002282        0x2 ff
 .text.rt_assert_handler
                0x00002284       0x4c ./rt-thread/src/kservice.o
                0x00002284                rt_assert_handler
 .text.plug_holes
                0x000022d0       0xf8 ./rt-thread/src/mem.o
 .text.rt_smem_init
                0x000023c8      0x104 ./rt-thread/src/mem.o
                0x000023c8                rt_smem_init
 .text.rt_smem_alloc
                0x000024cc      0x268 ./rt-thread/src/mem.o
                0x000024cc                rt_smem_alloc
 .text.rt_smem_free
                0x00002734      0x140 ./rt-thread/src/mem.o
                0x00002734                rt_smem_free
 .text.rt_list_insert_after
                0x00002874       0x32 ./rt-thread/src/object.o
 .text.rt_list_remove
                0x000028a6       0x36 ./rt-thread/src/object.o
 .text.rt_object_get_information
                0x000028dc       0x48 ./rt-thread/src/object.o
                0x000028dc                rt_object_get_information
 .text.rt_object_init
                0x00002924       0xcc ./rt-thread/src/object.o
                0x00002924                rt_object_init
 .text.rt_object_detach
                0x000029f0       0x5c ./rt-thread/src/object.o
                0x000029f0                rt_object_detach
 .text.rt_object_allocate
                0x00002a4c       0xd8 ./rt-thread/src/object.o
                0x00002a4c                rt_object_allocate
 .text.rt_object_delete
                0x00002b24       0x7c ./rt-thread/src/object.o
                0x00002b24                rt_object_delete
 .text.rt_object_is_systemobject
                0x00002ba0       0x3c ./rt-thread/src/object.o
                0x00002ba0                rt_object_is_systemobject
 .text.rt_object_get_type
                0x00002bdc       0x34 ./rt-thread/src/object.o
                0x00002bdc                rt_object_get_type
 .text.rt_object_find
                0x00002c10       0xb4 ./rt-thread/src/object.o
                0x00002c10                rt_object_find
 .text.rt_list_init
                0x00002cc4       0x22 ./rt-thread/src/scheduler.o
 .text.rt_list_insert_before
                0x00002ce6       0x32 ./rt-thread/src/scheduler.o
 .text.rt_list_remove
                0x00002d18       0x36 ./rt-thread/src/scheduler.o
 .text.rt_list_isempty
                0x00002d4e       0x24 ./rt-thread/src/scheduler.o
 *fill*         0x00002d72        0x2 ff
 .text._rt_scheduler_stack_check
                0x00002d74       0x94 ./rt-thread/src/scheduler.o
 .text._scheduler_get_highest_priority_thread
                0x00002e08       0x38 ./rt-thread/src/scheduler.o
 .text.rt_system_scheduler_init
                0x00002e40       0x38 ./rt-thread/src/scheduler.o
                0x00002e40                rt_system_scheduler_init
 .text.rt_system_scheduler_start
                0x00002e78       0x38 ./rt-thread/src/scheduler.o
                0x00002e78                rt_system_scheduler_start
 .text.rt_schedule
                0x00002eb0      0x19c ./rt-thread/src/scheduler.o
                0x00002eb0                rt_schedule
 .text.rt_schedule_insert_thread
                0x0000304c       0xac ./rt-thread/src/scheduler.o
                0x0000304c                rt_schedule_insert_thread
 .text.rt_schedule_remove_thread
                0x000030f8       0x70 ./rt-thread/src/scheduler.o
                0x000030f8                rt_schedule_remove_thread
 .text.rt_enter_critical
                0x00003168       0x2c ./rt-thread/src/scheduler.o
                0x00003168                rt_enter_critical
 .text.rt_exit_critical
                0x00003194       0x54 ./rt-thread/src/scheduler.o
                0x00003194                rt_exit_critical
 .text.rt_critical_level
                0x000031e8       0x1c ./rt-thread/src/scheduler.o
                0x000031e8                rt_critical_level
 .text.rt_list_init
                0x00003204       0x22 ./rt-thread/src/thread.o
 .text.rt_list_remove
                0x00003226       0x36 ./rt-thread/src/thread.o
 .text._thread_exit
                0x0000325c       0x42 ./rt-thread/src/thread.o
 *fill*         0x0000329e        0x2 ff
 .text._thread_timeout
                0x000032a0       0x8c ./rt-thread/src/thread.o
 .text._thread_init
                0x0000332c       0xfc ./rt-thread/src/thread.o
 .text.rt_thread_init
                0x00003428       0x70 ./rt-thread/src/thread.o
                0x00003428                rt_thread_init
 .text.rt_thread_self
                0x00003498       0x18 ./rt-thread/src/thread.o
                0x00003498                rt_thread_self
 .text.rt_thread_startup
                0x000034b0       0x94 ./rt-thread/src/thread.o
                0x000034b0                rt_thread_startup
 .text.rt_thread_detach
                0x00003544       0xb0 ./rt-thread/src/thread.o
                0x00003544                rt_thread_detach
 .text.rt_thread_create
                0x000035f4       0x62 ./rt-thread/src/thread.o
                0x000035f4                rt_thread_create
 *fill*         0x00003656        0x2 ff
 .text.rt_thread_delete
                0x00003658       0xb0 ./rt-thread/src/thread.o
                0x00003658                rt_thread_delete
 .text.rt_thread_sleep
                0x00003708       0x94 ./rt-thread/src/thread.o
                0x00003708                rt_thread_sleep
 .text.rt_thread_delay
                0x0000379c       0x18 ./rt-thread/src/thread.o
                0x0000379c                rt_thread_delay
 .text.rt_thread_mdelay
                0x000037b4       0x20 ./rt-thread/src/thread.o
                0x000037b4                rt_thread_mdelay
 .text.rt_thread_control
                0x000037d4       0xfc ./rt-thread/src/thread.o
                0x000037d4                rt_thread_control
 .text.rt_thread_suspend
                0x000038d0       0xc8 ./rt-thread/src/thread.o
                0x000038d0                rt_thread_suspend
 .text.rt_thread_resume
                0x00003998       0x98 ./rt-thread/src/thread.o
                0x00003998                rt_thread_resume
 .text.rt_list_init
                0x00003a30       0x22 ./rt-thread/src/timer.o
 .text.rt_list_insert_after
                0x00003a52       0x32 ./rt-thread/src/timer.o
 .text.rt_list_remove
                0x00003a84       0x36 ./rt-thread/src/timer.o
 .text.rt_list_isempty
                0x00003aba       0x24 ./rt-thread/src/timer.o
 .text._timer_init
                0x00003ade       0x6a ./rt-thread/src/timer.o
 .text._timer_list_next_timeout
                0x00003b48       0x48 ./rt-thread/src/timer.o
 .text._timer_remove
                0x00003b90       0x36 ./rt-thread/src/timer.o
 *fill*         0x00003bc6        0x2 ff
 .text.rt_timer_init
                0x00003bc8       0x7c ./rt-thread/src/timer.o
                0x00003bc8                rt_timer_init
 .text.rt_timer_detach
                0x00003c44       0x90 ./rt-thread/src/timer.o
                0x00003c44                rt_timer_detach
 .text.rt_timer_start
                0x00003cd4      0x224 ./rt-thread/src/timer.o
                0x00003cd4                rt_timer_start
 .text.rt_timer_stop
                0x00003ef8       0x94 ./rt-thread/src/timer.o
                0x00003ef8                rt_timer_stop
 .text.rt_timer_control
                0x00003f8c       0xf8 ./rt-thread/src/timer.o
                0x00003f8c                rt_timer_control
 .text.rt_timer_check
                0x00004084      0x108 ./rt-thread/src/timer.o
                0x00004084                rt_timer_check
 .text.rt_soft_timer_check
                0x0000418c      0x11c ./rt-thread/src/timer.o
                0x0000418c                rt_soft_timer_check
 .text._timer_thread_entry
                0x000042a8       0x5c ./rt-thread/src/timer.o
 .text.rt_system_timer_init
                0x00004304       0x34 ./rt-thread/src/timer.o
                0x00004304                rt_system_timer_init
 .text.rt_system_timer_thread_init
                0x00004338       0x68 ./rt-thread/src/timer.o
                0x00004338                rt_system_timer_thread_init
 .text          0x000043a0      0x13c ./rt-thread/libcpu/arm/cortex-m4/context_gcc.o
                0x000043a0                rt_hw_interrupt_disable
                0x000043a8                rt_hw_interrupt_enable
                0x000043ae                rt_hw_context_switch_interrupt
                0x000043ae                rt_hw_context_switch
                0x000043ce                PendSV_Handler
                0x0000443a                rt_hw_context_switch_to
                0x00004480                rt_hw_interrupt_thread_switch
                0x00004484                HardFault_Handler
 .text.rt_hw_stack_init
                0x000044dc       0x90 ./rt-thread/libcpu/arm/cortex-m4/cpuport.o
                0x000044dc                rt_hw_stack_init
 .text.usage_fault_track
                0x0000456c       0xc4 ./rt-thread/libcpu/arm/cortex-m4/cpuport.o
 .text.bus_fault_track
                0x00004630       0xcc ./rt-thread/libcpu/arm/cortex-m4/cpuport.o
 .text.mem_manage_fault_track
                0x000046fc       0xb4 ./rt-thread/libcpu/arm/cortex-m4/cpuport.o
 .text.hard_fault_track
                0x000047b0       0x78 ./rt-thread/libcpu/arm/cortex-m4/cpuport.o
 .text.rt_hw_hard_fault_exception
                0x00004828      0x184 ./rt-thread/libcpu/arm/cortex-m4/cpuport.o
                0x00004828                rt_hw_hard_fault_exception
 .text.__rt_ffs
                0x000049ac       0x2a ./rt-thread/libcpu/arm/cortex-m4/cpuport.o
                0x000049ac                __rt_ffs
 .text.__errno  0x000049d6        0xe ./rt-thread/components/libc/compilers/newlib/syscalls.o
                0x000049d6                __errno
 .text.rt_list_isempty
                0x000049e4       0x24 ./rt-thread/components/finsh/cmd.o
 .text.rt_list_len
                0x00004a08       0x36 ./rt-thread/components/finsh/cmd.o
 *fill*         0x00004a3e        0x2 ff
 .text.clear    0x00004a40       0x14 ./rt-thread/components/finsh/cmd.o
 .text.version  0x00004a54        0xe ./rt-thread/components/finsh/cmd.o
                0x00004a54                version
 *fill*         0x00004a62        0x2 ff
 .text.object_split
                0x00004a64       0x28 ./rt-thread/components/finsh/cmd.o
 .text.list_find_init
                0x00004a8c       0x46 ./rt-thread/components/finsh/cmd.o
 .text.list_get_next
                0x00004ad2       0xc6 ./rt-thread/components/finsh/cmd.o
 .text.list_thread
                0x00004b98      0x208 ./rt-thread/components/finsh/cmd.o
                0x00004b98                list_thread
 .text.show_wait_queue
                0x00004da0       0x54 ./rt-thread/components/finsh/cmd.o
 .text.list_sem
                0x00004df4      0x12c ./rt-thread/components/finsh/cmd.o
                0x00004df4                list_sem
 .text.list_event
                0x00004f20      0x118 ./rt-thread/components/finsh/cmd.o
                0x00004f20                list_event
 .text.list_mutex
                0x00005038       0xe8 ./rt-thread/components/finsh/cmd.o
                0x00005038                list_mutex
 .text.list_mailbox
                0x00005120      0x13c ./rt-thread/components/finsh/cmd.o
                0x00005120                list_mailbox
 .text.list_msgqueue
                0x0000525c      0x12c ./rt-thread/components/finsh/cmd.o
                0x0000525c                list_msgqueue
 .text.list_timer
                0x00005388      0x128 ./rt-thread/components/finsh/cmd.o
                0x00005388                list_timer
 .text.list_device
                0x000054b0       0xf0 ./rt-thread/components/finsh/cmd.o
                0x000054b0                list_device
 .text.msh_help
                0x000055a0       0x5c ./rt-thread/components/finsh/msh.o
                0x000055a0                msh_help
 .text.cmd_ps   0x000055fc       0x18 ./rt-thread/components/finsh/msh.o
                0x000055fc                cmd_ps
 .text.cmd_free
                0x00005614       0x5c ./rt-thread/components/finsh/msh.o
                0x00005614                cmd_free
 .text.msh_split
                0x00005670      0x170 ./rt-thread/components/finsh/msh.o
 .text.msh_get_cmd
                0x000057e0       0x64 ./rt-thread/components/finsh/msh.o
 .text._msh_exec_cmd
                0x00005844       0xd4 ./rt-thread/components/finsh/msh.o
 .text.msh_exec
                0x00005918       0x8c ./rt-thread/components/finsh/msh.o
                0x00005918                msh_exec
 .text.str_common
                0x000059a4       0x4a ./rt-thread/components/finsh/msh.o
 *fill*         0x000059ee        0x2 ff
 .text.msh_auto_complete
                0x000059f0       0xb0 ./rt-thread/components/finsh/msh.o
                0x000059f0                msh_auto_complete
 .text.finsh_get_prompt
                0x00005aa0       0x7c ./rt-thread/components/finsh/shell.o
                0x00005aa0                finsh_get_prompt
 .text.finsh_set_prompt_mode
                0x00005b1c       0x48 ./rt-thread/components/finsh/shell.o
                0x00005b1c                finsh_set_prompt_mode
 .text.finsh_getchar
                0x00005b64       0x90 ./rt-thread/components/finsh/shell.o
                0x00005b64                finsh_getchar
 .text.finsh_rx_ind
                0x00005bf4       0x3c ./rt-thread/components/finsh/shell.o
 .text.finsh_set_device
                0x00005c30       0xd8 ./rt-thread/components/finsh/shell.o
                0x00005c30                finsh_set_device
 .text.shell_auto_complete
                0x00005d08       0x34 ./rt-thread/components/finsh/shell.o
 .text.shell_handle_history
                0x00005d3c       0x34 ./rt-thread/components/finsh/shell.o
 .text.shell_push_history
                0x00005d70      0x15e ./rt-thread/components/finsh/shell.o
 *fill*         0x00005ece        0x2 ff
 .text.finsh_thread_entry
                0x00005ed0      0x5cc ./rt-thread/components/finsh/shell.o
                0x00005ed0                finsh_thread_entry
 .text.finsh_system_function_init
                0x0000649c       0x2c ./rt-thread/components/finsh/shell.o
                0x0000649c                finsh_system_function_init
 .text.finsh_system_init
                0x000064c8       0x9c ./rt-thread/components/finsh/shell.o
                0x000064c8                finsh_system_init
 .text.rt_serial_get_linear_buffer
                0x00006564       0x8c ./rt-thread/components/drivers/serial/serial_v2.o
 .text.rt_serial_update_read_index
                0x000065f0       0xcc ./rt-thread/components/drivers/serial/serial_v2.o
 .text.rt_serial_update_write_index
                0x000066bc       0xe8 ./rt-thread/components/drivers/serial/serial_v2.o
 .text._serial_poll_rx
                0x000067a4       0xa4 ./rt-thread/components/drivers/serial/serial_v2.o
                0x000067a4                _serial_poll_rx
 .text._serial_poll_tx
                0x00006848       0x9c ./rt-thread/components/drivers/serial/serial_v2.o
                0x00006848                _serial_poll_tx
 .text._serial_fifo_rx
                0x000068e4       0xf4 ./rt-thread/components/drivers/serial/serial_v2.o
 .text._serial_fifo_tx_blocking_nbuf
                0x000069d8       0xb0 ./rt-thread/components/drivers/serial/serial_v2.o
 .text._serial_fifo_tx_blocking_buf
                0x00006a88      0x118 ./rt-thread/components/drivers/serial/serial_v2.o
 .text._serial_fifo_tx_nonblocking
                0x00006ba0       0xd4 ./rt-thread/components/drivers/serial/serial_v2.o
 .text.rt_serial_tx_enable
                0x00006c74      0x1e8 ./rt-thread/components/drivers/serial/serial_v2.o
 .text.rt_serial_rx_enable
                0x00006e5c      0x15c ./rt-thread/components/drivers/serial/serial_v2.o
 .text.rt_serial_rx_disable
                0x00006fb8       0xb4 ./rt-thread/components/drivers/serial/serial_v2.o
 .text.rt_serial_tx_disable
                0x0000706c       0xc0 ./rt-thread/components/drivers/serial/serial_v2.o
 .text.rt_serial_init
                0x0000712c       0x5c ./rt-thread/components/drivers/serial/serial_v2.o
 .text.rt_serial_open
                0x00007188       0xf4 ./rt-thread/components/drivers/serial/serial_v2.o
 .text.rt_serial_close
                0x0000727c       0x90 ./rt-thread/components/drivers/serial/serial_v2.o
 .text.rt_serial_control
                0x0000730c       0xb8 ./rt-thread/components/drivers/serial/serial_v2.o
 .text.rt_hw_serial_register
                0x000073c4       0x94 ./rt-thread/components/drivers/serial/serial_v2.o
                0x000073c4                rt_hw_serial_register
 .text.rt_hw_serial_isr
                0x00007458      0x210 ./rt-thread/components/drivers/serial/serial_v2.o
                0x00007458                rt_hw_serial_isr
 .text._adc_read
                0x00007668       0x5c ./rt-thread/components/drivers/misc/adc.o
 .text._adc_control
                0x000076c4       0x5c ./rt-thread/components/drivers/misc/adc.o
 .text.rt_hw_adc_register
                0x00007720       0x94 ./rt-thread/components/drivers/misc/adc.o
                0x00007720                rt_hw_adc_register
 .text.rt_adc_read
                0x000077b4       0x3c ./rt-thread/components/drivers/misc/adc.o
                0x000077b4                rt_adc_read
 .text.rt_adc_enable
                0x000077f0       0x54 ./rt-thread/components/drivers/misc/adc.o
                0x000077f0                rt_adc_enable
 .text.rt_adc_disable
                0x00007844       0x54 ./rt-thread/components/drivers/misc/adc.o
                0x00007844                rt_adc_disable
 .text.adc      0x00007898      0x23c ./rt-thread/components/drivers/misc/adc.o
 .text._pin_read
                0x00007ad4       0x60 ./rt-thread/components/drivers/misc/pin.o
 .text._pin_write
                0x00007b34       0x5c ./rt-thread/components/drivers/misc/pin.o
 .text._pin_control
                0x00007b90       0x58 ./rt-thread/components/drivers/misc/pin.o
 .text.rt_device_pin_register
                0x00007be8       0x74 ./rt-thread/components/drivers/misc/pin.o
                0x00007be8                rt_device_pin_register
 .text.rt_pin_attach_irq
                0x00007c5c       0x5c ./rt-thread/components/drivers/misc/pin.o
                0x00007c5c                rt_pin_attach_irq
 .text.rt_pin_irq_enable
                0x00007cb8       0x50 ./rt-thread/components/drivers/misc/pin.o
                0x00007cb8                rt_pin_irq_enable
 .text.rt_pin_write
                0x00007d08       0x40 ./rt-thread/components/drivers/misc/pin.o
                0x00007d08                rt_pin_write
 .text.rt_pin_get
                0x00007d48       0x60 ./rt-thread/components/drivers/misc/pin.o
                0x00007d48                rt_pin_get
 .text.rt_list_init
                0x00007da8       0x22 ./rt-thread/components/drivers/ipc/completion.o
 .text.rt_list_insert_before
                0x00007dca       0x32 ./rt-thread/components/drivers/ipc/completion.o
 .text.rt_list_isempty
                0x00007dfc       0x24 ./rt-thread/components/drivers/ipc/completion.o
 .text.rt_completion_init
                0x00007e20       0x44 ./rt-thread/components/drivers/ipc/completion.o
                0x00007e20                rt_completion_init
 .text.rt_completion_wait
                0x00007e64      0x15c ./rt-thread/components/drivers/ipc/completion.o
                0x00007e64                rt_completion_wait
 .text.rt_completion_done
                0x00007fc0       0x70 ./rt-thread/components/drivers/ipc/completion.o
                0x00007fc0                rt_completion_done
 .text.rt_ringbuffer_status
                0x00008030       0x4e ./rt-thread/components/drivers/ipc/ringbuffer.o
 *fill*         0x0000807e        0x2 ff
 .text.rt_ringbuffer_init
                0x00008080       0xa0 ./rt-thread/components/drivers/ipc/ringbuffer.o
                0x00008080                rt_ringbuffer_init
 .text.rt_ringbuffer_put
                0x00008120      0x16c ./rt-thread/components/drivers/ipc/ringbuffer.o
                0x00008120                rt_ringbuffer_put
 .text.rt_ringbuffer_get
                0x0000828c      0x15c ./rt-thread/components/drivers/ipc/ringbuffer.o
                0x0000828c                rt_ringbuffer_get
 .text.rt_ringbuffer_putchar
                0x000083e8       0xbc ./rt-thread/components/drivers/ipc/ringbuffer.o
                0x000083e8                rt_ringbuffer_putchar
 .text.rt_ringbuffer_data_len
                0x000084a4       0x66 ./rt-thread/components/drivers/ipc/ringbuffer.o
                0x000084a4                rt_ringbuffer_data_len
 .text.main     0x0000850a        0xe ./ra_gen/main.o
                0x0000850a                main
 .text.R_FSP_CurrentIrqGet
                0x00008518       0x2c ./ra/fsp/src/r_sci_uart/r_sci_uart.o
 .text.R_FSP_IsrContextSet
                0x00008544       0x28 ./ra/fsp/src/r_sci_uart/r_sci_uart.o
 .text.R_BSP_IrqStatusClear
                0x0000856c       0x30 ./ra/fsp/src/r_sci_uart/r_sci_uart.o
 .text.R_BSP_IrqClearPending
                0x0000859c       0x40 ./ra/fsp/src/r_sci_uart/r_sci_uart.o
 .text.R_BSP_IrqCfg
                0x000085dc       0x3c ./ra/fsp/src/r_sci_uart/r_sci_uart.o
 .text.R_BSP_IrqEnableNoClear
                0x00008618       0x38 ./ra/fsp/src/r_sci_uart/r_sci_uart.o
 .text.R_BSP_IrqEnable
                0x00008650       0x26 ./ra/fsp/src/r_sci_uart/r_sci_uart.o
 *fill*         0x00008676        0x2 ff
 .text.R_BSP_IrqDisable
                0x00008678       0x48 ./ra/fsp/src/r_sci_uart/r_sci_uart.o
 .text.R_FSP_IsrContextGet
                0x000086c0       0x24 ./ra/fsp/src/r_sci_uart/r_sci_uart.o
 .text.R_SCI_UART_Open
                0x000086e4      0x1ac ./ra/fsp/src/r_sci_uart/r_sci_uart.o
                0x000086e4                R_SCI_UART_Open
 .text.r_sci_uart_config_set
                0x00008890      0x120 ./ra/fsp/src/r_sci_uart/r_sci_uart.o
 .text.r_sci_irq_cfg
                0x000089b0       0x3a ./ra/fsp/src/r_sci_uart/r_sci_uart.o
 .text.r_sci_irqs_cfg
                0x000089ea       0x5a ./ra/fsp/src/r_sci_uart/r_sci_uart.o
 .text.r_sci_uart_baud_set
                0x00008a44       0x58 ./ra/fsp/src/r_sci_uart/r_sci_uart.o
 .text.r_sci_uart_call_callback
                0x00008a9c       0x76 ./ra/fsp/src/r_sci_uart/r_sci_uart.o
 .text.sci_uart_txi_isr
                0x00008b12       0xd0 ./ra/fsp/src/r_sci_uart/r_sci_uart.o
                0x00008b12                sci_uart_txi_isr
 .text.sci_uart_rxi_isr
                0x00008be2       0xbc ./ra/fsp/src/r_sci_uart/r_sci_uart.o
                0x00008be2                sci_uart_rxi_isr
 .text.sci_uart_tei_isr
                0x00008c9e       0x4a ./ra/fsp/src/r_sci_uart/r_sci_uart.o
                0x00008c9e                sci_uart_tei_isr
 .text.sci_uart_eri_isr
                0x00008ce8       0xa8 ./ra/fsp/src/r_sci_uart/r_sci_uart.o
                0x00008ce8                sci_uart_eri_isr
 .text.R_BSP_PinRead
                0x00008d90       0x38 ./ra/fsp/src/r_ioport/r_ioport.o
 .text.R_BSP_PinAccessEnable
                0x00008dc8       0x60 ./ra/fsp/src/r_ioport/r_ioport.o
 .text.R_BSP_PinAccessDisable
                0x00008e28       0x68 ./ra/fsp/src/r_ioport/r_ioport.o
 .text.R_IOPORT_Open
                0x00008e90       0x28 ./ra/fsp/src/r_ioport/r_ioport.o
                0x00008e90                R_IOPORT_Open
 .text.R_IOPORT_Close
                0x00008eb8       0x20 ./ra/fsp/src/r_ioport/r_ioport.o
                0x00008eb8                R_IOPORT_Close
 .text.R_IOPORT_PinsCfg
                0x00008ed8       0x1a ./ra/fsp/src/r_ioport/r_ioport.o
                0x00008ed8                R_IOPORT_PinsCfg
 .text.R_IOPORT_PinCfg
                0x00008ef2       0x46 ./ra/fsp/src/r_ioport/r_ioport.o
                0x00008ef2                R_IOPORT_PinCfg
 .text.R_IOPORT_PinRead
                0x00008f38       0x28 ./ra/fsp/src/r_ioport/r_ioport.o
                0x00008f38                R_IOPORT_PinRead
 .text.R_IOPORT_PortRead
                0x00008f60       0x3a ./ra/fsp/src/r_ioport/r_ioport.o
                0x00008f60                R_IOPORT_PortRead
 .text.R_IOPORT_PortWrite
                0x00008f9a       0x62 ./ra/fsp/src/r_ioport/r_ioport.o
                0x00008f9a                R_IOPORT_PortWrite
 .text.R_IOPORT_PinWrite
                0x00008ffc       0x6e ./ra/fsp/src/r_ioport/r_ioport.o
                0x00008ffc                R_IOPORT_PinWrite
 .text.R_IOPORT_PortDirectionSet
                0x0000906a       0x72 ./ra/fsp/src/r_ioport/r_ioport.o
                0x0000906a                R_IOPORT_PortDirectionSet
 .text.R_IOPORT_PortEventInputRead
                0x000090dc       0x3e ./ra/fsp/src/r_ioport/r_ioport.o
                0x000090dc                R_IOPORT_PortEventInputRead
 .text.R_IOPORT_PinEventInputRead
                0x0000911a       0x62 ./ra/fsp/src/r_ioport/r_ioport.o
                0x0000911a                R_IOPORT_PinEventInputRead
 .text.R_IOPORT_PortEventOutputWrite
                0x0000917c       0x62 ./ra/fsp/src/r_ioport/r_ioport.o
                0x0000917c                R_IOPORT_PortEventOutputWrite
 .text.R_IOPORT_PinEventOutputWrite
                0x000091de       0x5e ./ra/fsp/src/r_ioport/r_ioport.o
                0x000091de                R_IOPORT_PinEventOutputWrite
 .text.R_IOPORT_EthernetModeCfg
                0x0000923c       0x28 ./ra/fsp/src/r_ioport/r_ioport.o
                0x0000923c                R_IOPORT_EthernetModeCfg
 .text.r_ioport_pins_config
                0x00009264       0x56 ./ra/fsp/src/r_ioport/r_ioport.o
 .text.r_ioport_hw_pin_event_output_data_write
                0x000092ba       0x88 ./ra/fsp/src/r_ioport/r_ioport.o
 *fill*         0x00009342        0x2 ff
 .text.r_ioport_pfs_write
                0x00009344       0x78 ./ra/fsp/src/r_ioport/r_ioport.o
 .text.bsp_vbatt_init
                0x000093bc       0xd8 ./ra/fsp/src/r_ioport/r_ioport.o
 .text.R_FSP_CurrentIrqGet
                0x00009494       0x2c ./ra/fsp/src/r_icu/r_icu.o
 .text.R_FSP_IsrContextSet
                0x000094c0       0x28 ./ra/fsp/src/r_icu/r_icu.o
 .text.R_BSP_IrqStatusClear
                0x000094e8       0x30 ./ra/fsp/src/r_icu/r_icu.o
 .text.R_BSP_IrqClearPending
                0x00009518       0x40 ./ra/fsp/src/r_icu/r_icu.o
 .text.R_BSP_IrqCfg
                0x00009558       0x3c ./ra/fsp/src/r_icu/r_icu.o
 .text.R_BSP_IrqEnableNoClear
                0x00009594       0x38 ./ra/fsp/src/r_icu/r_icu.o
 .text.R_BSP_IrqEnable
                0x000095cc       0x26 ./ra/fsp/src/r_icu/r_icu.o
 *fill*         0x000095f2        0x2 ff
 .text.R_BSP_IrqDisable
                0x000095f4       0x48 ./ra/fsp/src/r_icu/r_icu.o
 .text.R_FSP_IsrContextGet
                0x0000963c       0x24 ./ra/fsp/src/r_icu/r_icu.o
 .text.R_ICU_ExternalIrqOpen
                0x00009660       0xcc ./ra/fsp/src/r_icu/r_icu.o
                0x00009660                R_ICU_ExternalIrqOpen
 .text.R_ICU_ExternalIrqEnable
                0x0000972c       0x22 ./ra/fsp/src/r_icu/r_icu.o
                0x0000972c                R_ICU_ExternalIrqEnable
 .text.R_ICU_ExternalIrqDisable
                0x0000974e       0x22 ./ra/fsp/src/r_icu/r_icu.o
                0x0000974e                R_ICU_ExternalIrqDisable
 .text.R_ICU_ExternalIrqClose
                0x00009770       0x40 ./ra/fsp/src/r_icu/r_icu.o
                0x00009770                R_ICU_ExternalIrqClose
 .text.r_icu_isr
                0x000097b0       0x80 ./ra/fsp/src/r_icu/r_icu.o
                0x000097b0                r_icu_isr
 .text.R_FSP_SystemClockHzGet
                0x00009830       0x4c ./ra/fsp/src/r_adc/r_adc.o
 .text.R_FSP_IsrContextSet
                0x0000987c       0x28 ./ra/fsp/src/r_adc/r_adc.o
 .text.R_BSP_IrqStatusClear
                0x000098a4       0x30 ./ra/fsp/src/r_adc/r_adc.o
 .text.R_BSP_IrqClearPending
                0x000098d4       0x40 ./ra/fsp/src/r_adc/r_adc.o
 .text.R_BSP_IrqCfg
                0x00009914       0x3c ./ra/fsp/src/r_adc/r_adc.o
 .text.R_BSP_IrqEnableNoClear
                0x00009950       0x38 ./ra/fsp/src/r_adc/r_adc.o
 .text.R_BSP_IrqEnable
                0x00009988       0x26 ./ra/fsp/src/r_adc/r_adc.o
 .text.R_BSP_IrqCfgEnable
                0x000099ae       0x2e ./ra/fsp/src/r_adc/r_adc.o
 .text.R_ADC_Open
                0x000099dc       0xbc ./ra/fsp/src/r_adc/r_adc.o
                0x000099dc                R_ADC_Open
 .text.R_ADC_ScanCfg
                0x00009a98       0x30 ./ra/fsp/src/r_adc/r_adc.o
                0x00009a98                R_ADC_ScanCfg
 .text.R_ADC_ScanStart
                0x00009ac8       0x24 ./ra/fsp/src/r_adc/r_adc.o
                0x00009ac8                R_ADC_ScanStart
 .text.R_ADC_ScanStop
                0x00009aec       0x22 ./ra/fsp/src/r_adc/r_adc.o
                0x00009aec                R_ADC_ScanStop
 .text.R_ADC_Read
                0x00009b0e       0x34 ./ra/fsp/src/r_adc/r_adc.o
                0x00009b0e                R_ADC_Read
 .text.R_ADC_Read32
                0x00009b42       0x5a ./ra/fsp/src/r_adc/r_adc.o
                0x00009b42                R_ADC_Read32
 .text.r_adc_open_sub
                0x00009b9c      0x148 ./ra/fsp/src/r_adc/r_adc.o
 .text.r_adc_sensor_cfg
                0x00009ce4      0x110 ./ra/fsp/src/r_adc/r_adc.o
 .text.r_adc_sensor_sample_state_calculation
                0x00009df4       0x50 ./ra/fsp/src/r_adc/r_adc.o
 .text.r_adc_scan_cfg
                0x00009e44      0x1e4 ./ra/fsp/src/r_adc/r_adc.o
 .text.r_adc_irq_enable
                0x0000a028       0x2e ./ra/fsp/src/r_adc/r_adc.o
 *fill*         0x0000a056        0x2 ff
 .text.R_BSP_FlashCacheEnable
                0x0000a058       0x40 ./ra/fsp/src/bsp/mcu/all/bsp_clocks.o
 .text.SystemCoreClockUpdate
                0x0000a098       0x40 ./ra/fsp/src/bsp/mcu/all/bsp_clocks.o
                0x0000a098                SystemCoreClockUpdate
 .text.bsp_prv_clock_set_hard_reset
                0x0000a0d8       0x30 ./ra/fsp/src/bsp/mcu/all/bsp_clocks.o
 .text.bsp_clock_freq_var_init
                0x0000a108       0x48 ./ra/fsp/src/bsp/mcu/all/bsp_clocks.o
 .text.bsp_clock_init
                0x0000a150       0xa4 ./ra/fsp/src/bsp/mcu/all/bsp_clocks.o
                0x0000a150                bsp_clock_init
 .text.bsp_init_internal
                0x0000a1f4       0x14 ./ra/fsp/src/bsp/mcu/all/bsp_common.o
                0x0000a1f4                bsp_init_internal
                0x0000a1f4                bsp_init
 .text.bsp_group_irq_call
                0x0000a208       0x30 ./ra/fsp/src/bsp/mcu/all/bsp_group_irq.o
 .text.NMI_Handler
                0x0000a238       0x4c ./ra/fsp/src/bsp/mcu/all/bsp_group_irq.o
                0x0000a238                NMI_Handler
 .text.bsp_irq_cfg
                0x0000a284      0x104 ./ra/fsp/src/bsp/mcu/all/bsp_irq.o
                0x0000a284                bsp_irq_cfg
 .text.R_BSP_RegisterProtectEnable
                0x0000a388       0xa0 ./ra/fsp/src/bsp/mcu/all/bsp_register_protection.o
                0x0000a388                R_BSP_RegisterProtectEnable
 .text.R_BSP_RegisterProtectDisable
                0x0000a428       0x90 ./ra/fsp/src/bsp/mcu/all/bsp_register_protection.o
                0x0000a428                R_BSP_RegisterProtectDisable
 .text.Reset_Handler
                0x0000a4b8        0xe ./ra/fsp/src/bsp/cmsis/Device/RENESAS/Source/startup.o
                0x0000a4b8                Reset_Handler
 .text.Default_Handler
                0x0000a4c6       0x10 ./ra/fsp/src/bsp/cmsis/Device/RENESAS/Source/startup.o
                0x0000a4c6                UsageFault_Handler
                0x0000a4c6                SecureFault_Handler
                0x0000a4c6                Default_Handler
                0x0000a4c6                MemManage_Handler
                0x0000a4c6                SVC_Handler
                0x0000a4c6                BusFault_Handler
                0x0000a4c6                DebugMon_Handler
 *fill*         0x0000a4d6        0x2 ff
 .text.SystemInit
                0x0000a4d8       0xf0 ./ra/fsp/src/bsp/cmsis/Device/RENESAS/Source/system.o
                0x0000a4d8                SystemInit
 .text.ra_adc_enabled
                0x0000a5c8       0xa8 ./libraries/HAL_Drivers/drv_adc.o
 .text.ra_get_adc_value
                0x0000a670       0x70 ./libraries/HAL_Drivers/drv_adc.o
 .text.ra_adc_init
                0x0000a6e0       0x78 ./libraries/HAL_Drivers/drv_adc.o
 .text.__NVIC_SetPriority
                0x0000a758       0x54 ./libraries/HAL_Drivers/drv_common.o
 .text.__NVIC_SystemReset
                0x0000a7ac       0x2c ./libraries/HAL_Drivers/drv_common.o
 .text.SysTick_Config
                0x0000a7d8       0x44 ./libraries/HAL_Drivers/drv_common.o
 .text.reboot   0x0000a81c       0x10 ./libraries/HAL_Drivers/drv_common.o
 .text.rt_hw_systick_init
                0x0000a82c       0x2c ./libraries/HAL_Drivers/drv_common.o
                0x0000a82c                rt_hw_systick_init
 .text.SysTick_Handler
                0x0000a858       0x14 ./libraries/HAL_Drivers/drv_common.o
                0x0000a858                SysTick_Handler
 .text.rt_hw_board_init
                0x0000a86c       0x34 ./libraries/HAL_Drivers/drv_common.o
                0x0000a86c                rt_hw_board_init
 .text.R_BSP_WarmStart
                0x0000a8a0       0x2c ./libraries/HAL_Drivers/drv_common.o
                0x0000a8a0                R_BSP_WarmStart
 .text.R_BSP_PinRead
                0x0000a8cc       0x38 ./libraries/HAL_Drivers/drv_gpio.o
 .text.R_BSP_PinWrite
                0x0000a904       0x68 ./libraries/HAL_Drivers/drv_gpio.o
 .text.R_BSP_PinAccessEnable
                0x0000a96c       0x60 ./libraries/HAL_Drivers/drv_gpio.o
 .text.R_BSP_PinAccessDisable
                0x0000a9cc       0x68 ./libraries/HAL_Drivers/drv_gpio.o
 .text.ra_pin_get_irqx
                0x0000aa34      0x280 ./libraries/HAL_Drivers/drv_gpio.o
 .text.ra_irq_tab_init
                0x0000acb4       0x7c ./libraries/HAL_Drivers/drv_gpio.o
 .text.ra_pin_map_init
                0x0000ad30       0x28 ./libraries/HAL_Drivers/drv_gpio.o
 .text.ra_pin_mode
                0x0000ad58       0xf8 ./libraries/HAL_Drivers/drv_gpio.o
 .text.ra_pin_write
                0x0000ae50       0x3a ./libraries/HAL_Drivers/drv_gpio.o
 *fill*         0x0000ae8a        0x2 ff
 .text.ra_pin_read
                0x0000ae8c       0x50 ./libraries/HAL_Drivers/drv_gpio.o
 .text.ra_pin_irq_enable
                0x0000aedc      0x120 ./libraries/HAL_Drivers/drv_gpio.o
 .text.ra_pin_attach_irq
                0x0000affc      0x12c ./libraries/HAL_Drivers/drv_gpio.o
 .text.ra_pin_dettach_irq
                0x0000b128       0xb4 ./libraries/HAL_Drivers/drv_gpio.o
 .text.ra_pin_get
                0x0000b1dc       0xce ./libraries/HAL_Drivers/drv_gpio.o
 *fill*         0x0000b2aa        0x2 ff
 .text.rt_hw_pin_init
                0x0000b2ac       0x24 ./libraries/HAL_Drivers/drv_gpio.o
                0x0000b2ac                rt_hw_pin_init
 .text.ra_uart_get_config
                0x0000b2d0       0x50 ./libraries/HAL_Drivers/drv_usart_v2.o
 .text.ra_uart_configure
                0x0000b320       0x7c ./libraries/HAL_Drivers/drv_usart_v2.o
 .text.ra_uart_control
                0x0000b39c       0x1a ./libraries/HAL_Drivers/drv_usart_v2.o
 *fill*         0x0000b3b6        0x2 ff
 .text.ra_uart_putc
                0x0000b3b8       0x68 ./libraries/HAL_Drivers/drv_usart_v2.o
 .text.ra_uart_getc
                0x0000b420       0x16 ./libraries/HAL_Drivers/drv_usart_v2.o
 *fill*         0x0000b436        0x2 ff
 .text.user_uart7_callback
                0x0000b438       0x78 ./libraries/HAL_Drivers/drv_usart_v2.o
                0x0000b438                user_uart7_callback
 .text.rt_hw_usart_init
                0x0000b4b0       0xb8 ./libraries/HAL_Drivers/drv_usart_v2.o
                0x0000b4b0                rt_hw_usart_init
 .text.atoi     0x0000b568        0x8 d:/rt-threadstudio/repo/extract/toolchain_support_packages/arm/gnu_tools_for_arm_embedded_processors/10.2.1/bin/../lib/gcc/arm-none-eabi/10.2.1/../../../../arm-none-eabi/lib/thumb/v8-m.main+fp/hard\libc.a(lib_a-atoi.o)
                0x0000b568                atoi
 .text.memcmp   0x0000b570       0x60 d:/rt-threadstudio/repo/extract/toolchain_support_packages/arm/gnu_tools_for_arm_embedded_processors/10.2.1/bin/../lib/gcc/arm-none-eabi/10.2.1/../../../../arm-none-eabi/lib/thumb/v8-m.main+fp/hard\libc.a(lib_a-memcmp.o)
                0x0000b570                memcmp
 .text          0x0000b5d0       0xec d:/rt-threadstudio/repo/extract/toolchain_support_packages/arm/gnu_tools_for_arm_embedded_processors/10.2.1/bin/../lib/gcc/arm-none-eabi/10.2.1/../../../../arm-none-eabi/lib/thumb/v8-m.main+fp/hard\libc.a(lib_a-memcpy.o)
                0x0000b5d0                memcpy
 .text.memset   0x0000b6bc       0xa4 d:/rt-threadstudio/repo/extract/toolchain_support_packages/arm/gnu_tools_for_arm_embedded_processors/10.2.1/bin/../lib/gcc/arm-none-eabi/10.2.1/../../../../arm-none-eabi/lib/thumb/v8-m.main+fp/hard\libc.a(lib_a-memset.o)
                0x0000b6bc                memset
 .text          0x0000b760      0x1bc d:/rt-threadstudio/repo/extract/toolchain_support_packages/arm/gnu_tools_for_arm_embedded_processors/10.2.1/bin/../lib/gcc/arm-none-eabi/10.2.1/../../../../arm-none-eabi/lib/thumb/v8-m.main+fp/hard\libc.a(lib_a-strcmp.o)
                0x0000b760                strcmp
 .text.strlen   0x0000b91c       0x5c d:/rt-threadstudio/repo/extract/toolchain_support_packages/arm/gnu_tools_for_arm_embedded_processors/10.2.1/bin/../lib/gcc/arm-none-eabi/10.2.1/../../../../arm-none-eabi/lib/thumb/v8-m.main+fp/hard\libc.a(lib_a-strlen-stub.o)
                0x0000b91c                strlen
 .text.strncmp  0x0000b978       0x78 d:/rt-threadstudio/repo/extract/toolchain_support_packages/arm/gnu_tools_for_arm_embedded_processors/10.2.1/bin/../lib/gcc/arm-none-eabi/10.2.1/../../../../arm-none-eabi/lib/thumb/v8-m.main+fp/hard\libc.a(lib_a-strncmp.o)
                0x0000b978                strncmp
 .text.strncpy  0x0000b9f0       0x64 d:/rt-threadstudio/repo/extract/toolchain_support_packages/arm/gnu_tools_for_arm_embedded_processors/10.2.1/bin/../lib/gcc/arm-none-eabi/10.2.1/../../../../arm-none-eabi/lib/thumb/v8-m.main+fp/hard\libc.a(lib_a-strncpy.o)
                0x0000b9f0                strncpy
 .text._strtol_l.part.0
                0x0000ba54      0x104 d:/rt-threadstudio/repo/extract/toolchain_support_packages/arm/gnu_tools_for_arm_embedded_processors/10.2.1/bin/../lib/gcc/arm-none-eabi/10.2.1/../../../../arm-none-eabi/lib/thumb/v8-m.main+fp/hard\libc.a(lib_a-strtol.o)
 .text.strtol   0x0000bb58       0x2c d:/rt-threadstudio/repo/extract/toolchain_support_packages/arm/gnu_tools_for_arm_embedded_processors/10.2.1/bin/../lib/gcc/arm-none-eabi/10.2.1/../../../../arm-none-eabi/lib/thumb/v8-m.main+fp/hard\libc.a(lib_a-strtol.o)
                0x0000bb58                strtol
 .text.startup.register_fini
                0x0000bb84       0x14 d:/rt-threadstudio/repo/extract/toolchain_support_packages/arm/gnu_tools_for_arm_embedded_processors/10.2.1/bin/../lib/gcc/arm-none-eabi/10.2.1/../../../../arm-none-eabi/lib/thumb/v8-m.main+fp/hard\libc.a(lib_a-__call_atexit.o)
 .text.atexit   0x0000bb98        0xc d:/rt-threadstudio/repo/extract/toolchain_support_packages/arm/gnu_tools_for_arm_embedded_processors/10.2.1/bin/../lib/gcc/arm-none-eabi/10.2.1/../../../../arm-none-eabi/lib/thumb/v8-m.main+fp/hard\libc.a(lib_a-atexit.o)
                0x0000bb98                atexit
 .text.__libc_fini_array
                0x0000bba4       0x2c d:/rt-threadstudio/repo/extract/toolchain_support_packages/arm/gnu_tools_for_arm_embedded_processors/10.2.1/bin/../lib/gcc/arm-none-eabi/10.2.1/../../../../arm-none-eabi/lib/thumb/v8-m.main+fp/hard\libc.a(lib_a-fini.o)
                0x0000bba4                __libc_fini_array
 .text.__retarget_lock_acquire_recursive
                0x0000bbd0        0x4 d:/rt-threadstudio/repo/extract/toolchain_support_packages/arm/gnu_tools_for_arm_embedded_processors/10.2.1/bin/../lib/gcc/arm-none-eabi/10.2.1/../../../../arm-none-eabi/lib/thumb/v8-m.main+fp/hard\libc.a(lib_a-lock.o)
                0x0000bbd0                __retarget_lock_acquire_recursive
 .text.__retarget_lock_release_recursive
                0x0000bbd4        0x4 d:/rt-threadstudio/repo/extract/toolchain_support_packages/arm/gnu_tools_for_arm_embedded_processors/10.2.1/bin/../lib/gcc/arm-none-eabi/10.2.1/../../../../arm-none-eabi/lib/thumb/v8-m.main+fp/hard\libc.a(lib_a-lock.o)
                0x0000bbd4                __retarget_lock_release_recursive
 .text.__register_exitproc
                0x0000bbd8       0x90 d:/rt-threadstudio/repo/extract/toolchain_support_packages/arm/gnu_tools_for_arm_embedded_processors/10.2.1/bin/../lib/gcc/arm-none-eabi/10.2.1/../../../../arm-none-eabi/lib/thumb/v8-m.main+fp/hard\libc.a(lib_a-__atexit.o)
                0x0000bbd8                __register_exitproc
 *(.version)
 .version       0x0000bc68       0x50 ./ra/fsp/src/bsp/mcu/all/bsp_common.o
 *(.init)
 .init          0x0000bcb8        0x4 d:/rt-threadstudio/repo/extract/toolchain_support_packages/arm/gnu_tools_for_arm_embedded_processors/10.2.1/bin/../lib/gcc/arm-none-eabi/10.2.1/thumb/v8-m.main+fp/hard/crti.o
                0x0000bcb8                _init
 .init          0x0000bcbc        0x8 d:/rt-threadstudio/repo/extract/toolchain_support_packages/arm/gnu_tools_for_arm_embedded_processors/10.2.1/bin/../lib/gcc/arm-none-eabi/10.2.1/thumb/v8-m.main+fp/hard/crtn.o
 *(.fini)
 .fini          0x0000bcc4        0x4 d:/rt-threadstudio/repo/extract/toolchain_support_packages/arm/gnu_tools_for_arm_embedded_processors/10.2.1/bin/../lib/gcc/arm-none-eabi/10.2.1/thumb/v8-m.main+fp/hard/crti.o
                0x0000bcc4                _fini
 .fini          0x0000bcc8        0x8 d:/rt-threadstudio/repo/extract/toolchain_support_packages/arm/gnu_tools_for_arm_embedded_processors/10.2.1/bin/../lib/gcc/arm-none-eabi/10.2.1/thumb/v8-m.main+fp/hard/crtn.o
                0x0000bcd0                . = ALIGN (0x4)
                0x0000bcd0                __fsymtab_start = .
 *(FSymTab)
 FSymTab        0x0000bcd0        0xc ./src/hal_entry.o
                0x0000bcd0                __fsym_icu_sample
 FSymTab        0x0000bcdc        0xc ./src/test_adc.o
                0x0000bcdc                __fsym_adc_sample
 FSymTab        0x0000bce8       0x78 ./rt-thread/components/finsh/cmd.o
                0x0000bce8                __fsym_clear
                0x0000bcf4                __fsym_version
                0x0000bd00                __fsym_list_thread
                0x0000bd0c                __fsym_list_sem
                0x0000bd18                __fsym_list_event
                0x0000bd24                __fsym_list_mutex
                0x0000bd30                __fsym_list_mailbox
                0x0000bd3c                __fsym_list_msgqueue
                0x0000bd48                __fsym_list_timer
                0x0000bd54                __fsym_list_device
 FSymTab        0x0000bd60       0x24 ./rt-thread/components/finsh/msh.o
                0x0000bd60                __fsym_help
                0x0000bd6c                __fsym_ps
                0x0000bd78                __fsym_free
 FSymTab        0x0000bd84        0xc ./rt-thread/components/drivers/misc/adc.o
                0x0000bd84                __fsym_adc
 FSymTab        0x0000bd90        0xc ./libraries/HAL_Drivers/drv_common.o
                0x0000bd90                __fsym_reboot
                0x0000bd9c                __fsymtab_end = .
                0x0000bd9c                . = ALIGN (0x4)
                0x0000bd9c                __vsymtab_start = .
 *(VSymTab)
                0x0000bd9c                __vsymtab_end = .
                0x0000bd9c                . = ALIGN (0x4)
                0x0000bd9c                __rt_init_start = .
 *(SORT_BY_NAME(.rti_fn*))
 .rti_fn.0      0x0000bd9c        0x4 ./rt-thread/src/components.o
                0x0000bd9c                __rt_init_rti_start
 .rti_fn.0.end  0x0000bda0        0x4 ./rt-thread/src/components.o
                0x0000bda0                __rt_init_rti_board_start
 .rti_fn.1      0x0000bda4        0x4 ./libraries/HAL_Drivers/drv_adc.o
                0x0000bda4                __rt_init_ra_adc_init
 .rti_fn.1.end  0x0000bda8        0x4 ./rt-thread/src/components.o
                0x0000bda8                __rt_init_rti_board_end
 .rti_fn.6      0x0000bdac        0x4 ./rt-thread/components/finsh/shell.o
                0x0000bdac                __rt_init_finsh_system_init
 .rti_fn.6.end  0x0000bdb0        0x4 ./rt-thread/src/components.o
                0x0000bdb0                __rt_init_rti_end
                0x0000bdb4                __rt_init_end = .
                0x0000bdb4                . = ALIGN (0x4)
 *(FalPartTable)
 *crtbegin.o(.ctors)
 *crtbegin?.o(.ctors)
 *(EXCLUDE_FILE(*crtend.o *crtend?.o) .ctors)
 *(SORT_BY_NAME(.ctors.*))
 *(.ctors)
 *crtbegin.o(.dtors)
 *crtbegin?.o(.dtors)
 *(EXCLUDE_FILE(*crtend.o *crtend?.o) .dtors)
 *(SORT_BY_NAME(.dtors.*))
 *(.dtors)
 *(.rodata*)
 .rodata        0x0000bdb4       0x77 ./src/hal_entry.o
 *fill*         0x0000be2b        0x1 ff
 .rodata.name   0x0000be2c       0x17 ./src/hal_entry.o
                0x0000be2c                __fsym_icu_sample_name
                0x0000be38                __fsym_icu_sample_desc
 *fill*         0x0000be43        0x1 ff
 .rodata        0x0000be44       0x66 ./src/test_adc.o
 *fill*         0x0000beaa        0x2 ff
 .rodata.name   0x0000beac       0x27 ./src/test_adc.o
                0x0000beac                __fsym_adc_sample_name
                0x0000beb8                __fsym_adc_sample_desc
 *fill*         0x0000bed3        0x1 ff
 .rodata        0x0000bed4       0x17 ./rt-thread/src/components.o
 *fill*         0x0000beeb        0x1 ff
 .rodata.__FUNCTION__.0
                0x0000beec       0x14 ./rt-thread/src/components.o
 .rodata        0x0000bf00       0xbc ./rt-thread/src/device.o
 .rodata.__FUNCTION__.6
                0x0000bfbc        0xf ./rt-thread/src/device.o
 *fill*         0x0000bfcb        0x1 ff
 .rodata.__FUNCTION__.5
                0x0000bfcc       0x10 ./rt-thread/src/device.o
 .rodata.__FUNCTION__.4
                0x0000bfdc        0xf ./rt-thread/src/device.o
 *fill*         0x0000bfeb        0x1 ff
 .rodata.__FUNCTION__.3
                0x0000bfec       0x10 ./rt-thread/src/device.o
 .rodata.__FUNCTION__.1
                0x0000bffc       0x1a ./rt-thread/src/device.o
 *fill*         0x0000c016        0x2 ff
 .rodata        0x0000c018        0x8 ./rt-thread/src/idle.o
 .rodata        0x0000c020      0x4de ./rt-thread/src/ipc.o
 *fill*         0x0000c4fe        0x2 ff
 .rodata.__FUNCTION__.37
                0x0000c500        0xc ./rt-thread/src/ipc.o
 .rodata.__FUNCTION__.33
                0x0000c50c        0xc ./rt-thread/src/ipc.o
 .rodata.__FUNCTION__.32
                0x0000c518       0x12 ./rt-thread/src/ipc.o
 *fill*         0x0000c52a        0x2 ff
 .rodata.__FUNCTION__.31
                0x0000c52c        0xf ./rt-thread/src/ipc.o
 *fill*         0x0000c53b        0x1 ff
 .rodata.__FUNCTION__.29
                0x0000c53c        0xe ./rt-thread/src/ipc.o
 *fill*         0x0000c54a        0x2 ff
 .rodata.__FUNCTION__.25
                0x0000c54c        0xe ./rt-thread/src/ipc.o
 *fill*         0x0000c55a        0x2 ff
 .rodata.__FUNCTION__.24
                0x0000c55c       0x11 ./rt-thread/src/ipc.o
 *fill*         0x0000c56d        0x3 ff
 .rodata        0x0000c570      0x107 ./rt-thread/src/kservice.o
 *fill*         0x0000c677        0x1 ff
 .rodata.large_digits.4
                0x0000c678       0x11 ./rt-thread/src/kservice.o
 *fill*         0x0000c689        0x3 ff
 .rodata.small_digits.3
                0x0000c68c       0x11 ./rt-thread/src/kservice.o
 *fill*         0x0000c69d        0x3 ff
 .rodata.__FUNCTION__.1
                0x0000c6a0       0x14 ./rt-thread/src/kservice.o
 .rodata.__FUNCTION__.0
                0x0000c6b4        0xd ./rt-thread/src/kservice.o
 *fill*         0x0000c6c1        0x3 ff
 .rodata        0x0000c6c4      0x41b ./rt-thread/src/mem.o
 *fill*         0x0000cadf        0x1 ff
 .rodata.__FUNCTION__.4
                0x0000cae0        0xb ./rt-thread/src/mem.o
 *fill*         0x0000caeb        0x1 ff
 .rodata.__FUNCTION__.2
                0x0000caec        0xe ./rt-thread/src/mem.o
 *fill*         0x0000cafa        0x2 ff
 .rodata.__FUNCTION__.0
                0x0000cafc        0xd ./rt-thread/src/mem.o
 *fill*         0x0000cb09        0x3 ff
 .rodata        0x0000cb0c       0x91 ./rt-thread/src/object.o
 *fill*         0x0000cb9d        0x3 ff
 .rodata.__FUNCTION__.6
                0x0000cba0        0xf ./rt-thread/src/object.o
 *fill*         0x0000cbaf        0x1 ff
 .rodata.__FUNCTION__.5
                0x0000cbb0       0x11 ./rt-thread/src/object.o
 *fill*         0x0000cbc1        0x3 ff
 .rodata.__FUNCTION__.4
                0x0000cbc4       0x13 ./rt-thread/src/object.o
 *fill*         0x0000cbd7        0x1 ff
 .rodata.__FUNCTION__.3
                0x0000cbd8       0x11 ./rt-thread/src/object.o
 *fill*         0x0000cbe9        0x3 ff
 .rodata.__FUNCTION__.2
                0x0000cbec       0x1a ./rt-thread/src/object.o
 *fill*         0x0000cc06        0x2 ff
 .rodata.__FUNCTION__.1
                0x0000cc08       0x13 ./rt-thread/src/object.o
 *fill*         0x0000cc1b        0x1 ff
 .rodata.__FUNCTION__.0
                0x0000cc1c        0xf ./rt-thread/src/object.o
 *fill*         0x0000cc2b        0x1 ff
 .rodata        0x0000cc2c       0x65 ./rt-thread/src/scheduler.o
 *fill*         0x0000cc91        0x3 ff
 .rodata.__FUNCTION__.2
                0x0000cc94       0x1a ./rt-thread/src/scheduler.o
 *fill*         0x0000ccae        0x2 ff
 .rodata.__FUNCTION__.1
                0x0000ccb0       0x1a ./rt-thread/src/scheduler.o
 *fill*         0x0000ccca        0x2 ff
 .rodata.__FUNCTION__.0
                0x0000cccc       0x1a ./rt-thread/src/scheduler.o
 *fill*         0x0000cce6        0x2 ff
 .rodata        0x0000cce8      0x19f ./rt-thread/src/thread.o
 *fill*         0x0000ce87        0x1 ff
 .rodata.__FUNCTION__.10
                0x0000ce88       0x10 ./rt-thread/src/thread.o
 .rodata.__FUNCTION__.9
                0x0000ce98        0xd ./rt-thread/src/thread.o
 *fill*         0x0000cea5        0x3 ff
 .rodata.__FUNCTION__.8
                0x0000cea8        0xf ./rt-thread/src/thread.o
 *fill*         0x0000ceb7        0x1 ff
 .rodata.__FUNCTION__.7
                0x0000ceb8       0x12 ./rt-thread/src/thread.o
 *fill*         0x0000ceca        0x2 ff
 .rodata.__FUNCTION__.6
                0x0000cecc       0x11 ./rt-thread/src/thread.o
 *fill*         0x0000cedd        0x3 ff
 .rodata.__FUNCTION__.5
                0x0000cee0       0x11 ./rt-thread/src/thread.o
 *fill*         0x0000cef1        0x3 ff
 .rodata.__FUNCTION__.4
                0x0000cef4       0x10 ./rt-thread/src/thread.o
 .rodata.__FUNCTION__.2
                0x0000cf04       0x12 ./rt-thread/src/thread.o
 *fill*         0x0000cf16        0x2 ff
 .rodata.__FUNCTION__.1
                0x0000cf18       0x12 ./rt-thread/src/thread.o
 *fill*         0x0000cf2a        0x2 ff
 .rodata.__FUNCTION__.0
                0x0000cf2c       0x11 ./rt-thread/src/thread.o
 *fill*         0x0000cf3d        0x3 ff
 .rodata        0x0000cf40      0x10e ./rt-thread/src/timer.o
 *fill*         0x0000d04e        0x2 ff
 .rodata.__FUNCTION__.7
                0x0000d050        0xe ./rt-thread/src/timer.o
 *fill*         0x0000d05e        0x2 ff
 .rodata.__FUNCTION__.6
                0x0000d060       0x10 ./rt-thread/src/timer.o
 .rodata.__FUNCTION__.3
                0x0000d070        0xf ./rt-thread/src/timer.o
 *fill*         0x0000d07f        0x1 ff
 .rodata.__FUNCTION__.1
                0x0000d080        0xe ./rt-thread/src/timer.o
 *fill*         0x0000d08e        0x2 ff
 .rodata.__FUNCTION__.0
                0x0000d090       0x11 ./rt-thread/src/timer.o
 *fill*         0x0000d0a1        0x3 ff
 .rodata        0x0000d0a4      0x2ce ./rt-thread/libcpu/arm/cortex-m4/cpuport.o
 *fill*         0x0000d372        0x2 ff
 .rodata        0x0000d374      0x5d3 ./rt-thread/components/finsh/cmd.o
 *fill*         0x0000d947        0x1 ff
 .rodata.name   0x0000d948      0x176 ./rt-thread/components/finsh/cmd.o
                0x0000d948                __fsym_clear_name
                0x0000d950                __fsym_clear_desc
                0x0000d96c                __fsym_version_name
                0x0000d974                __fsym_version_desc
                0x0000d998                __fsym_list_thread_name
                0x0000d9a4                __fsym_list_thread_desc
                0x0000d9b0                __fsym_list_sem_name
                0x0000d9bc                __fsym_list_sem_desc
                0x0000d9d8                __fsym_list_event_name
                0x0000d9e4                __fsym_list_event_desc
                0x0000d9fc                __fsym_list_mutex_name
                0x0000da08                __fsym_list_mutex_desc
                0x0000da20                __fsym_list_mailbox_name
                0x0000da30                __fsym_list_mailbox_desc
                0x0000da48                __fsym_list_msgqueue_name
                0x0000da58                __fsym_list_msgqueue_desc
                0x0000da78                __fsym_list_timer_name
                0x0000da84                __fsym_list_timer_desc
                0x0000da9c                __fsym_list_device_name
                0x0000daa8                __fsym_list_device_desc
 *fill*         0x0000dabe        0x2 ff
 .rodata.device_type_str
                0x0000dac0       0x64 ./rt-thread/components/finsh/cmd.o
 .rodata        0x0000db24       0xa8 ./rt-thread/components/finsh/msh.o
 .rodata.name   0x0000dbcc       0x6d ./rt-thread/components/finsh/msh.o
                0x0000dbcc                __fsym_help_name
                0x0000dbd4                __fsym_help_desc
                0x0000dbec                __fsym_ps_name
                0x0000dbf0                __fsym_ps_desc
                0x0000dc0c                __fsym_free_name
                0x0000dc14                __fsym_free_desc
 *fill*         0x0000dc39        0x3 ff
 .rodata.__FUNCTION__.0
                0x0000dc3c        0xe ./rt-thread/components/finsh/msh.o
 *fill*         0x0000dc4a        0x2 ff
 .rodata        0x0000dc4c       0x91 ./rt-thread/components/finsh/shell.o
 *fill*         0x0000dcdd        0x3 ff
 .rodata.__FUNCTION__.6
                0x0000dce0       0x16 ./rt-thread/components/finsh/shell.o
 *fill*         0x0000dcf6        0x2 ff
 .rodata.__FUNCTION__.5
                0x0000dcf8        0xe ./rt-thread/components/finsh/shell.o
 *fill*         0x0000dd06        0x2 ff
 .rodata.__FUNCTION__.4
                0x0000dd08        0xd ./rt-thread/components/finsh/shell.o
 *fill*         0x0000dd15        0x3 ff
 .rodata.__FUNCTION__.3
                0x0000dd18       0x11 ./rt-thread/components/finsh/shell.o
 *fill*         0x0000dd29        0x3 ff
 .rodata        0x0000dd2c      0x18b ./rt-thread/components/drivers/serial/serial_v2.o
 *fill*         0x0000deb7        0x1 ff
 .rodata.__FUNCTION__.18
                0x0000deb8       0x1c ./rt-thread/components/drivers/serial/serial_v2.o
 .rodata.__FUNCTION__.17
                0x0000ded4       0x1c ./rt-thread/components/drivers/serial/serial_v2.o
 .rodata.__FUNCTION__.16
                0x0000def0       0x1d ./rt-thread/components/drivers/serial/serial_v2.o
 *fill*         0x0000df0d        0x3 ff
 .rodata.__FUNCTION__.15
                0x0000df10       0x10 ./rt-thread/components/drivers/serial/serial_v2.o
 .rodata.__FUNCTION__.14
                0x0000df20       0x10 ./rt-thread/components/drivers/serial/serial_v2.o
 .rodata.__FUNCTION__.13
                0x0000df30       0x10 ./rt-thread/components/drivers/serial/serial_v2.o
 .rodata.__FUNCTION__.12
                0x0000df40       0x1e ./rt-thread/components/drivers/serial/serial_v2.o
 *fill*         0x0000df5e        0x2 ff
 .rodata.__FUNCTION__.11
                0x0000df60       0x1d ./rt-thread/components/drivers/serial/serial_v2.o
 *fill*         0x0000df7d        0x3 ff
 .rodata.__FUNCTION__.10
                0x0000df80       0x1c ./rt-thread/components/drivers/serial/serial_v2.o
 .rodata.__FUNCTION__.9
                0x0000df9c       0x14 ./rt-thread/components/drivers/serial/serial_v2.o
 .rodata.__FUNCTION__.8
                0x0000dfb0       0x14 ./rt-thread/components/drivers/serial/serial_v2.o
 .rodata.__FUNCTION__.7
                0x0000dfc4       0x15 ./rt-thread/components/drivers/serial/serial_v2.o
 *fill*         0x0000dfd9        0x3 ff
 .rodata.__FUNCTION__.6
                0x0000dfdc       0x15 ./rt-thread/components/drivers/serial/serial_v2.o
 *fill*         0x0000dff1        0x3 ff
 .rodata.__FUNCTION__.5
                0x0000dff4        0xf ./rt-thread/components/drivers/serial/serial_v2.o
 *fill*         0x0000e003        0x1 ff
 .rodata.__FUNCTION__.4
                0x0000e004        0xf ./rt-thread/components/drivers/serial/serial_v2.o
 *fill*         0x0000e013        0x1 ff
 .rodata.__FUNCTION__.3
                0x0000e014       0x10 ./rt-thread/components/drivers/serial/serial_v2.o
 .rodata.__FUNCTION__.2
                0x0000e024       0x12 ./rt-thread/components/drivers/serial/serial_v2.o
 *fill*         0x0000e036        0x2 ff
 .rodata.__FUNCTION__.1
                0x0000e038       0x16 ./rt-thread/components/drivers/serial/serial_v2.o
 *fill*         0x0000e04e        0x2 ff
 .rodata.__FUNCTION__.0
                0x0000e050       0x11 ./rt-thread/components/drivers/serial/serial_v2.o
 *fill*         0x0000e061        0x3 ff
 .rodata        0x0000e064      0x1f9 ./rt-thread/components/drivers/misc/adc.o
 *fill*         0x0000e25d        0x3 ff
 .rodata.name   0x0000e260       0x11 ./rt-thread/components/drivers/misc/adc.o
                0x0000e260                __fsym_adc_name
                0x0000e264                __fsym_adc_desc
 *fill*         0x0000e271        0x3 ff
 .rodata.__FUNCTION__.4
                0x0000e274       0x13 ./rt-thread/components/drivers/misc/adc.o
 *fill*         0x0000e287        0x1 ff
 .rodata.__FUNCTION__.3
                0x0000e288        0xc ./rt-thread/components/drivers/misc/adc.o
 .rodata.__FUNCTION__.2
                0x0000e294        0xe ./rt-thread/components/drivers/misc/adc.o
 *fill*         0x0000e2a2        0x2 ff
 .rodata.__FUNCTION__.1
                0x0000e2a4        0xf ./rt-thread/components/drivers/misc/adc.o
 *fill*         0x0000e2b3        0x1 ff
 .rodata        0x0000e2b4       0x37 ./rt-thread/components/drivers/misc/pin.o
 *fill*         0x0000e2eb        0x1 ff
 .rodata.__FUNCTION__.9
                0x0000e2ec        0xa ./rt-thread/components/drivers/misc/pin.o
 *fill*         0x0000e2f6        0x2 ff
 .rodata.__FUNCTION__.8
                0x0000e2f8        0xb ./rt-thread/components/drivers/misc/pin.o
 *fill*         0x0000e303        0x1 ff
 .rodata.__FUNCTION__.7
                0x0000e304        0xd ./rt-thread/components/drivers/misc/pin.o
 *fill*         0x0000e311        0x3 ff
 .rodata.__FUNCTION__.6
                0x0000e314       0x12 ./rt-thread/components/drivers/misc/pin.o
 *fill*         0x0000e326        0x2 ff
 .rodata.__FUNCTION__.4
                0x0000e328       0x12 ./rt-thread/components/drivers/misc/pin.o
 *fill*         0x0000e33a        0x2 ff
 .rodata.__FUNCTION__.2
                0x0000e33c        0xd ./rt-thread/components/drivers/misc/pin.o
 *fill*         0x0000e349        0x3 ff
 .rodata.__FUNCTION__.0
                0x0000e34c        0xb ./rt-thread/components/drivers/misc/pin.o
 *fill*         0x0000e357        0x1 ff
 .rodata        0x0000e358       0xd7 ./rt-thread/components/drivers/ipc/completion.o
 *fill*         0x0000e42f        0x1 ff
 .rodata.__FUNCTION__.2
                0x0000e430       0x13 ./rt-thread/components/drivers/ipc/completion.o
 *fill*         0x0000e443        0x1 ff
 .rodata.__FUNCTION__.1
                0x0000e444       0x13 ./rt-thread/components/drivers/ipc/completion.o
 *fill*         0x0000e457        0x1 ff
 .rodata.__FUNCTION__.0
                0x0000e458       0x13 ./rt-thread/components/drivers/ipc/completion.o
 *fill*         0x0000e46b        0x1 ff
 .rodata        0x0000e46c       0x19 ./rt-thread/components/drivers/ipc/ringbuffer.o
 *fill*         0x0000e485        0x3 ff
 .rodata.__FUNCTION__.10
                0x0000e488       0x13 ./rt-thread/components/drivers/ipc/ringbuffer.o
 *fill*         0x0000e49b        0x1 ff
 .rodata.__FUNCTION__.9
                0x0000e49c       0x12 ./rt-thread/components/drivers/ipc/ringbuffer.o
 *fill*         0x0000e4ae        0x2 ff
 .rodata.__FUNCTION__.7
                0x0000e4b0       0x12 ./rt-thread/components/drivers/ipc/ringbuffer.o
 *fill*         0x0000e4c2        0x2 ff
 .rodata.__FUNCTION__.5
                0x0000e4c4       0x16 ./rt-thread/components/drivers/ipc/ringbuffer.o
 *fill*         0x0000e4da        0x2 ff
 .rodata.g_ioport
                0x0000e4dc        0xc ./ra_gen/common_data.o
                0x0000e4dc                g_ioport
 .rodata.g_external_irq0_cfg
                0x0000e4e8       0x14 ./ra_gen/hal_data.o
                0x0000e4e8                g_external_irq0_cfg
 .rodata.g_adc0_cfg_extend
                0x0000e4fc        0xa ./ra_gen/hal_data.o
                0x0000e4fc                g_adc0_cfg_extend
 *fill*         0x0000e506        0x2 ff
 .rodata.g_adc0_cfg
                0x0000e508       0x18 ./ra_gen/hal_data.o
                0x0000e508                g_adc0_cfg
 .rodata.g_adc0_channel_cfg
                0x0000e520       0x14 ./ra_gen/hal_data.o
                0x0000e520                g_adc0_channel_cfg
 .rodata.g_uart7_cfg_extend
                0x0000e534       0x10 ./ra_gen/hal_data.o
                0x0000e534                g_uart7_cfg_extend
 .rodata.g_uart7_cfg
                0x0000e544       0x20 ./ra_gen/hal_data.o
                0x0000e544                g_uart7_cfg
 .rodata.g_bsp_pin_cfg_data
                0x0000e564      0x140 ./ra_gen/pin_data.o
                0x0000e564                g_bsp_pin_cfg_data
 .rodata.g_bsp_pin_cfg
                0x0000e6a4        0x8 ./ra_gen/pin_data.o
                0x0000e6a4                g_bsp_pin_cfg
 .rodata.g_interrupt_event_link_select
                0x0000e6ac       0xc0 ./ra_gen/vector_data.o
                0x0000e6ac                g_interrupt_event_link_select
 .rodata.g_ioport_on_ioport
                0x0000e76c       0x38 ./ra/fsp/src/r_ioport/r_ioport.o
                0x0000e76c                g_ioport_on_ioport
 .rodata.g_vbatt_pins_input
                0x0000e7a4        0x6 ./ra/fsp/src/r_ioport/r_ioport.o
 *fill*         0x0000e7aa        0x2 ff
 .rodata.adc_elc_trigger_lut
                0x0000e7ac        0xc ./ra/fsp/src/r_adc/r_adc.o
 .rodata.g_prcr_masks
                0x0000e7b8        0x8 ./ra/fsp/src/bsp/mcu/all/bsp_register_protection.o
 .rodata        0x0000e7c0       0xa1 ./libraries/HAL_Drivers/drv_adc.o
 *fill*         0x0000e861        0x3 ff
 .rodata.ra_adc_ops
                0x0000e864        0x8 ./libraries/HAL_Drivers/drv_adc.o
 .rodata.__FUNCTION__.2
                0x0000e86c        0xf ./libraries/HAL_Drivers/drv_adc.o
 *fill*         0x0000e87b        0x1 ff
 .rodata.__FUNCTION__.0
                0x0000e87c       0x11 ./libraries/HAL_Drivers/drv_adc.o
 *fill*         0x0000e88d        0x3 ff
 .rodata.name   0x0000e890       0x16 ./libraries/HAL_Drivers/drv_common.o
                0x0000e890                __fsym_reboot_name
                0x0000e898                __fsym_reboot_desc
 *fill*         0x0000e8a6        0x2 ff
 .rodata        0x0000e8a8        0x6 ./libraries/HAL_Drivers/drv_common.o
 *fill*         0x0000e8ae        0x2 ff
 .rodata        0x0000e8b0      0x170 ./libraries/HAL_Drivers/drv_gpio.o
 .rodata._ra_pin_ops
                0x0000ea20       0x1c ./libraries/HAL_Drivers/drv_gpio.o
 .rodata        0x0000ea3c       0x6d ./libraries/HAL_Drivers/drv_usart_v2.o
 *fill*         0x0000eaa9        0x3 ff
 .rodata.ra_uart_ops
                0x0000eaac       0x14 ./libraries/HAL_Drivers/drv_usart_v2.o
 .rodata.__FUNCTION__.3
                0x0000eac0       0x12 ./libraries/HAL_Drivers/drv_usart_v2.o
 *fill*         0x0000ead2        0x2 ff
 .rodata.__FUNCTION__.2
                0x0000ead4        0xd ./libraries/HAL_Drivers/drv_usart_v2.o
 *fill*         0x0000eae1        0x3 ff
 .rodata.__FUNCTION__.1
                0x0000eae4       0x14 ./libraries/HAL_Drivers/drv_usart_v2.o
 .rodata.__FUNCTION__.0
                0x0000eaf8       0x11 ./libraries/HAL_Drivers/drv_usart_v2.o
 *fill*         0x0000eb09        0x3 ff
 .rodata._global_impure_ptr
                0x0000eb0c        0x4 d:/rt-threadstudio/repo/extract/toolchain_support_packages/arm/gnu_tools_for_arm_embedded_processors/10.2.1/bin/../lib/gcc/arm-none-eabi/10.2.1/../../../../arm-none-eabi/lib/thumb/v8-m.main+fp/hard\libc.a(lib_a-impure.o)
                0x0000eb0c                _global_impure_ptr
 .rodata._ctype_
                0x0000eb10      0x101 d:/rt-threadstudio/repo/extract/toolchain_support_packages/arm/gnu_tools_for_arm_embedded_processors/10.2.1/bin/../lib/gcc/arm-none-eabi/10.2.1/../../../../arm-none-eabi/lib/thumb/v8-m.main+fp/hard\libc.a(lib_a-ctype_.o)
                0x0000eb10                _ctype_
                0x0000ec11                __usb_dev_descriptor_start_fs = .
 *(.usb_device_desc_fs*)
                0x0000ec11                __usb_cfg_descriptor_start_fs = .
 *(.usb_config_desc_fs*)
                0x0000ec11                __usb_interface_descriptor_start_fs = .
 *(.usb_interface_desc_fs*)
                0x0000ec11                __usb_descriptor_end_fs = .
                0x0000ec11                __usb_dev_descriptor_start_hs = .
 *(.usb_device_desc_hs*)
                0x0000ec11                __usb_cfg_descriptor_start_hs = .
 *(.usb_config_desc_hs*)
                0x0000ec11                __usb_interface_descriptor_start_hs = .
 *(.usb_interface_desc_hs*)
                0x0000ec11                __usb_descriptor_end_hs = .
 *(.eh_frame*)
 *fill*         0x0000ec11        0x3 ff
 .eh_frame      0x0000ec14        0x0 d:/rt-threadstudio/repo/extract/toolchain_support_packages/arm/gnu_tools_for_arm_embedded_processors/10.2.1/bin/../lib/gcc/arm-none-eabi/10.2.1/thumb/v8-m.main+fp/hard/crtbegin.o
 .eh_frame      0x0000ec14        0x4 d:/rt-threadstudio/repo/extract/toolchain_support_packages/arm/gnu_tools_for_arm_embedded_processors/10.2.1/bin/../lib/gcc/arm-none-eabi/10.2.1/thumb/v8-m.main+fp/hard/crtend.o
                0x0000ec18                __ROM_End = .
                0x000001c0                __Vectors_Size = (__Vectors_End - __Vectors)

.glue_7         0x0000ec18        0x0
 .glue_7        0x0000ec18        0x0 linker stubs

.glue_7t        0x0000ec18        0x0
 .glue_7t       0x0000ec18        0x0 linker stubs

.vfp11_veneer   0x0000ec18        0x0
 .vfp11_veneer  0x0000ec18        0x0 linker stubs

.v4_bx          0x0000ec18        0x0
 .v4_bx         0x0000ec18        0x0 linker stubs

.iplt           0x0000ec18        0x0
 .iplt          0x0000ec18        0x0 d:/rt-threadstudio/repo/extract/toolchain_support_packages/arm/gnu_tools_for_arm_embedded_processors/10.2.1/bin/../lib/gcc/arm-none-eabi/10.2.1/thumb/v8-m.main+fp/hard/crtbegin.o

.ARM.extab
 *(.ARM.extab* .gnu.linkonce.armextab.*)
                0x0000ec18                __exidx_start = .

.ARM.exidx
 *(.ARM.exidx* .gnu.linkonce.armexidx.*)
                0x0000ec18                __exidx_end = .
                0x0000ec18                __etext = .
                0x20000000                __tz_RAM_S = ORIGIN (RAM)

.fsp_dtc_vector_table
                0x20000000        0x0
                0x20000000                . = ORIGIN (RAM)
 *(.fsp_dtc_vector_table)

.data           0x20000000      0x500 load address 0x0000ec18
                0x20000000                __data_start__ = .
                0x20000000                . = ALIGN (0x4)
                0x20000000                __Code_In_RAM_Start = .
 *(.code_in_ram*)
                0x20000000                __Code_In_RAM_End = .
 *(vtable)
 *(.data.*)
 .data._rt_thread_defunct
                0x20000000        0x8 ./rt-thread/src/idle.o
 .data._object_container
                0x20000008       0x90 ./rt-thread/src/object.o
 .data._soft_timer_status
                0x20000098        0x1 ./rt-thread/src/timer.o
 *fill*         0x20000099        0x3 
 .data.g_uart7_baud_setting
                0x2000009c        0x4 ./ra_gen/hal_data.o
                0x2000009c                g_uart7_baud_setting
 .data.ra_adc   0x200000a0       0x10 ./libraries/HAL_Drivers/drv_adc.o
                0x200000a0                ra_adc
 .data._ra_adc0_device
                0x200000b0        0x8 ./libraries/HAL_Drivers/drv_adc.o
                0x200000b0                _ra_adc0_device
 .data.uart_config
                0x200000b8        0xc ./libraries/HAL_Drivers/drv_usart_v2.o
 .data._impure_ptr
                0x200000c4        0x4 d:/rt-threadstudio/repo/extract/toolchain_support_packages/arm/gnu_tools_for_arm_embedded_processors/10.2.1/bin/../lib/gcc/arm-none-eabi/10.2.1/../../../../arm-none-eabi/lib/thumb/v8-m.main+fp/hard\libc.a(lib_a-impure.o)
                0x200000c4                _impure_ptr
 .data.impure_data
                0x200000c8      0x428 d:/rt-threadstudio/repo/extract/toolchain_support_packages/arm/gnu_tools_for_arm_embedded_processors/10.2.1/bin/../lib/gcc/arm-none-eabi/10.2.1/../../../../arm-none-eabi/lib/thumb/v8-m.main+fp/hard\libc.a(lib_a-impure.o)
 .data.__atexit_recursive_mutex
                0x200004f0        0x4 d:/rt-threadstudio/repo/extract/toolchain_support_packages/arm/gnu_tools_for_arm_embedded_processors/10.2.1/bin/../lib/gcc/arm-none-eabi/10.2.1/../../../../arm-none-eabi/lib/thumb/v8-m.main+fp/hard\libc.a(lib_a-__call_atexit.o)
                0x200004f0                __atexit_recursive_mutex
 *(.data)
                0x200004f4                . = ALIGN (0x4)
                [!provide]                PROVIDE (__preinit_array_start = .)
 *(.preinit_array)
                [!provide]                PROVIDE (__preinit_array_end = .)
                0x200004f4                . = ALIGN (0x4)
                0x200004f4                PROVIDE (__init_array_start = .)
 *(SORT_BY_NAME(.init_array.*))
 .init_array.00000
                0x200004f4        0x4 d:/rt-threadstudio/repo/extract/toolchain_support_packages/arm/gnu_tools_for_arm_embedded_processors/10.2.1/bin/../lib/gcc/arm-none-eabi/10.2.1/../../../../arm-none-eabi/lib/thumb/v8-m.main+fp/hard\libc.a(lib_a-__call_atexit.o)
 *(.init_array)
 .init_array    0x200004f8        0x4 d:/rt-threadstudio/repo/extract/toolchain_support_packages/arm/gnu_tools_for_arm_embedded_processors/10.2.1/bin/../lib/gcc/arm-none-eabi/10.2.1/thumb/v8-m.main+fp/hard/crtbegin.o
                0x200004fc                PROVIDE (__init_array_end = .)
                0x200004fc                . = ALIGN (0x4)
                0x200004fc                PROVIDE (__fini_array_start = .)
 *(SORT_BY_NAME(.fini_array.*))
 *(.fini_array)
 .fini_array    0x200004fc        0x4 d:/rt-threadstudio/repo/extract/toolchain_support_packages/arm/gnu_tools_for_arm_embedded_processors/10.2.1/bin/../lib/gcc/arm-none-eabi/10.2.1/thumb/v8-m.main+fp/hard/crtbegin.o
                0x20000500                PROVIDE (__fini_array_end = .)
 *(.jcr*)
                0x20000500                . = ALIGN (0x4)
                0x20000500                __data_end__ = .

.igot.plt       0x20000500        0x0 load address 0x0000f118
 .igot.plt      0x20000500        0x0 d:/rt-threadstudio/repo/extract/toolchain_support_packages/arm/gnu_tools_for_arm_embedded_processors/10.2.1/bin/../lib/gcc/arm-none-eabi/10.2.1/thumb/v8-m.main+fp/hard/crtbegin.o

.gnu.sgstubs    0x0000f400        0x0
                0x0000f400                . = (DEFINED (PROJECT_SECURE) && DEFINED (FLASH_NSC_START))?ABSOLUTE (FLASH_NSC_START):ALIGN (0x400)
                0x0000f400                __tz_FLASH_C = DEFINED (FLASH_NSC_START)?ABSOLUTE (FLASH_NSC_START):__RESERVE_NS_RAM?ABSOLUTE ((FLASH_START + FLASH_LENGTH)):ALIGN (0x400)